2026-09-01 07:00:05,654  INFO     ============================================================
2026-09-01 07:00:05,655  INFO     EV Scraper — run date: 01-09-2026
2026-09-01 07:00:05,655  INFO     ============================================================
2026-09-01 07:00:05,655  INFO     ── TVS iQube ──────────────────────────
2026-09-01 07:00:05,655  INFO       [91wheels] TVS iQube page 1
2026-09-01 07:00:08,665  INFO       [91wheels] TVS iQube page 2
2026-09-01 07:00:12,031  INFO       [91wheels] TVS iQube page 3
2026-09-01 07:00:14,935  INFO       [91wheels] TVS iQube page 4
2026-09-01 07:00:17,882  INFO       [91wheels] TVS iQube page 5
2026-09-01 07:00:20,760  INFO       [91wheels] TVS iQube page 6
2026-09-01 07:00:23,731  INFO       [91wheels] TVS iQube page 7
2026-09-01 07:00:25,888  INFO       [91wheels] TVS iQube page 8
2026-09-01 07:00:28,746  INFO       [91wheels] TVS iQube page 9
2026-09-01 07:00:31,707  INFO       [91wheels] TVS iQube page 10
2026-09-01 07:00:33,849  INFO       [91wheels] TVS iQube page 11
2026-09-01 07:00:36,946  INFO       [91wheels] TVS iQube page 12
2026-09-01 07:00:39,815  INFO       [91wheels] TVS iQube page 13
2026-09-01 07:00:42,076  INFO       [91wheels] TVS iQube page 14
2026-09-01 07:00:44,985  INFO       [91wheels] TVS iQube page 15
2026-09-01 07:00:46,926  INFO       [91wheels] TVS iQube page 16
2026-09-01 07:00:49,091  INFO       [91wheels] TVS iQube page 17
2026-09-01 07:00:51,068  INFO       [91wheels] TVS iQube page 18
2026-09-01 07:00:53,009  INFO       [91wheels] TVS iQube page 19
2026-09-01 07:00:55,886  INFO       [91wheels] TVS iQube page 20
2026-09-01 07:00:58,076  INFO       [91wheels] TVS iQube page 21
2026-09-01 07:01:01,056  INFO       [91wheels] TVS iQube page 22
2026-09-01 07:01:03,346  INFO       [91wheels] TVS iQube page 23
2026-09-01 07:01:06,232  INFO       [91wheels] TVS iQube page 24
2026-09-01 07:01:09,198  INFO       [91wheels] TVS iQube page 25
2026-09-01 07:01:11,602  INFO       [91wheels] TVS iQube page 26
2026-09-01 07:01:14,563  INFO       [91wheels] TVS iQube page 27
2026-09-01 07:01:16,888  INFO       [91wheels] TVS iQube page 28
2026-09-01 07:01:19,784  INFO       [91wheels] TVS iQube page 29
2026-09-01 07:01:21,985  INFO       [91wheels] TVS iQube page 30
2026-09-01 07:01:24,915  INFO       [91wheels] TVS iQube page 31
2026-09-01 07:01:27,834  INFO       [91wheels] TVS iQube page 32
2026-09-01 07:01:30,046  INFO       [91wheels] TVS iQube page 33
2026-09-01 07:01:32,988  INFO       [91wheels] TVS iQube page 34
2026-09-01 07:01:35,877  INFO       [91wheels] TVS iQube page 35
2026-09-01 07:01:38,780  INFO       [91wheels] TVS iQube page 36
2026-09-01 07:01:41,642  INFO       [91wheels] TVS iQube page 37
2026-09-01 07:01:45,094  INFO       [91wheels] TVS iQube page 38
2026-09-01 07:01:47,980  INFO       [91wheels] TVS iQube page 39
2026-09-01 07:01:50,961  INFO       [91wheels] TVS iQube page 40
2026-09-01 07:01:53,861  INFO       collected 205 rows
2026-09-01 07:01:53,861  INFO       [bikewale] TVS iQube page 1
2026-09-01 07:01:57,295  INFO       [bikewale] TVS iQube page 2
2026-09-01 07:01:59,534  INFO       [bikewale] TVS iQube page 3
2026-09-01 07:02:02,820  INFO       [bikewale] TVS iQube page 4
2026-09-01 07:02:05,319  INFO       [bikewale] TVS iQube page 5
2026-09-01 07:02:07,594  INFO       [bikewale] TVS iQube page 6
2026-09-01 07:02:10,052  INFO       [bikewale] TVS iQube page 7
2026-09-01 07:02:12,260  INFO       [bikewale] TVS iQube page 8
2026-09-01 07:02:14,496  INFO       [bikewale] TVS iQube page 9
2026-09-01 07:02:16,726  INFO       [bikewale] TVS iQube page 10
2026-09-01 07:02:19,455  INFO       [bikewale] TVS iQube page 11
2026-09-01 07:02:21,690  INFO       [bikewale] TVS iQube page 12
2026-09-01 07:02:23,917  INFO       [bikewale] TVS iQube page 13
2026-09-01 07:02:26,250  INFO       [bikewale] TVS iQube page 14
2026-09-01 07:02:28,558  INFO       [bikewale] TVS iQube page 15
2026-09-01 07:02:30,875  INFO       [bikewale] TVS iQube page 16
2026-09-01 07:02:31,479  INFO       No cards on page 16 — end of results
2026-09-01 07:02:31,484  INFO       collected 540 rows
2026-09-01 07:02:31,484  INFO       [bikedekho] TVS iQube page 1
2026-09-01 07:02:34,534  INFO       [bikedekho] TVS iQube page 2
2026-09-01 07:02:37,099  INFO       [bikedekho] TVS iQube page 3
2026-09-01 07:02:39,658  INFO       [bikedekho] TVS iQube page 4
2026-09-01 07:02:43,141  INFO       [bikedekho] TVS iQube page 5
2026-09-01 07:02:45,702  INFO       [bikedekho] TVS iQube page 6
2026-09-01 07:02:48,229  INFO       [bikedekho] TVS iQube page 7
2026-09-01 07:02:50,821  INFO       [bikedekho] TVS iQube page 8
2026-09-01 07:02:54,327  INFO       [bikedekho] TVS iQube page 9
2026-09-01 07:02:56,866  INFO       [bikedekho] TVS iQube page 10
2026-09-01 07:02:59,501  INFO       [bikedekho] TVS iQube page 11
2026-09-01 07:03:02,060  INFO       [bikedekho] TVS iQube page 12
2026-09-01 07:03:04,603  INFO       [bikedekho] TVS iQube page 13
2026-09-01 07:03:07,140  INFO       [bikedekho] TVS iQube page 14
2026-09-01 07:03:09,705  INFO       [bikedekho] TVS iQube page 15
2026-09-01 07:03:12,293  INFO       [bikedekho] TVS iQube page 16
2026-09-01 07:03:14,826  INFO       [bikedekho] TVS iQube page 17
2026-09-01 07:03:17,343  INFO       [bikedekho] TVS iQube page 18
2026-09-01 07:03:20,133  INFO       collected 514 rows
2026-09-01 07:03:20,133  INFO     ── Ather Rizta ──────────────────────────
2026-09-01 07:03:20,133  INFO       [91wheels] Ather Rizta page 1
2026-09-01 07:03:23,100  INFO       [91wheels] Ather Rizta page 2
2026-09-01 07:03:26,109  INFO       [91wheels] Ather Rizta page 3
2026-09-01 07:03:28,284  INFO       [91wheels] Ather Rizta page 4
2026-09-01 07:03:31,223  INFO       [91wheels] Ather Rizta page 5
2026-09-01 07:03:34,060  INFO       [91wheels] Ather Rizta page 6
2026-09-01 07:03:36,943  INFO       [91wheels] Ather Rizta page 7
2026-09-01 07:03:39,091  INFO       [91wheels] Ather Rizta page 8
2026-09-01 07:03:41,966  INFO       [91wheels] Ather Rizta page 9
2026-09-01 07:03:44,105  INFO       [91wheels] Ather Rizta page 10
2026-09-01 07:03:46,507  INFO       [91wheels] Ather Rizta page 11
2026-09-01 07:03:48,443  INFO       [91wheels] Ather Rizta page 12
2026-09-01 07:03:51,326  INFO       [91wheels] Ather Rizta page 13
2026-09-01 07:03:54,169  INFO       [91wheels] Ather Rizta page 14
2026-09-01 07:03:57,271  INFO       [91wheels] Ather Rizta page 15
2026-09-01 07:03:59,478  INFO       [91wheels] Ather Rizta page 16
2026-09-01 07:04:01,382  INFO       [91wheels] Ather Rizta page 17
2026-09-01 07:04:04,315  INFO       [91wheels] Ather Rizta page 18
2026-09-01 07:04:07,203  INFO       [91wheels] Ather Rizta page 19
2026-09-01 07:04:09,389  INFO       [91wheels] Ather Rizta page 20
2026-09-01 07:04:11,533  INFO       [91wheels] Ather Rizta page 21
2026-09-01 07:04:14,439  INFO       [91wheels] Ather Rizta page 22
2026-09-01 07:04:17,294  INFO       [91wheels] Ather Rizta page 23
2026-09-01 07:04:20,219  INFO       [91wheels] Ather Rizta page 24
2026-09-01 07:04:23,085  INFO       [91wheels] Ather Rizta page 25
2026-09-01 07:04:25,242  INFO       [91wheels] Ather Rizta page 26
2026-09-01 07:04:28,183  INFO       [91wheels] Ather Rizta page 27
2026-09-01 07:04:30,456  INFO       [91wheels] Ather Rizta page 28
2026-09-01 07:04:33,287  INFO       [91wheels] Ather Rizta page 29
2026-09-01 07:04:36,144  INFO       [91wheels] Ather Rizta page 30
2026-09-01 07:04:37,064  INFO       No cards on page 30 — end of results
2026-09-01 07:04:37,067  INFO       collected 150 rows
2026-09-01 07:04:37,068  INFO       [bikewale] Ather Rizta page 1
2026-09-01 07:04:39,392  INFO       [bikewale] Ather Rizta page 2
2026-09-01 07:04:41,895  INFO       [bikewale] Ather Rizta page 3
2026-09-01 07:04:44,235  INFO       [bikewale] Ather Rizta page 4
2026-09-01 07:04:46,439  INFO       [bikewale] Ather Rizta page 5
2026-09-01 07:04:48,005  INFO       No cards on page 5 — end of results
2026-09-01 07:04:48,008  INFO       collected 136 rows
2026-09-01 07:04:48,008  INFO       [bikedekho] Ather Rizta page 1
2026-09-01 07:04:50,367  INFO       [bikedekho] Ather Rizta page 2
2026-09-01 07:04:52,944  INFO       [bikedekho] Ather Rizta page 3
2026-09-01 07:04:55,552  INFO       [bikedekho] Ather Rizta page 4
2026-09-01 07:04:59,484  INFO       [bikedekho] Ather Rizta page 5
2026-09-01 07:05:02,366  INFO       [bikedekho] Ather Rizta page 6
2026-09-01 07:05:05,155  INFO       [bikedekho] Ather Rizta page 7
2026-09-01 07:05:08,002  INFO       [bikedekho] Ather Rizta page 8
2026-09-01 07:05:12,012  INFO       [bikedekho] Ather Rizta page 9
2026-09-01 07:05:14,869  INFO       [bikedekho] Ather Rizta page 10
2026-09-01 07:05:17,710  INFO       [bikedekho] Ather Rizta page 11
2026-09-01 07:05:20,521  INFO       [bikedekho] Ather Rizta page 12
2026-09-01 07:05:23,367  INFO       [bikedekho] Ather Rizta page 13
2026-09-01 07:05:26,201  INFO       [bikedekho] Ather Rizta page 14
2026-09-01 07:05:29,936  INFO       [bikedekho] Ather Rizta page 15
2026-09-01 07:05:32,750  INFO       [bikedekho] Ather Rizta page 16
2026-09-01 07:05:35,787  INFO       [bikedekho] Ather Rizta page 17
2026-09-01 07:05:38,570  INFO       [bikedekho] Ather Rizta page 18
2026-09-01 07:05:41,393  INFO       collected 534 rows
2026-09-01 07:05:41,393  INFO     ── Ola S1X ──────────────────────────
2026-09-01 07:05:41,393  INFO       [91wheels] Ola S1X page 1
2026-09-01 07:05:44,364  INFO       [91wheels] Ola S1X page 2
2026-09-01 07:05:47,245  INFO       [91wheels] Ola S1X page 3
2026-09-01 07:05:50,204  INFO       [91wheels] Ola S1X page 4
2026-09-01 07:05:53,051  INFO       [91wheels] Ola S1X page 5
2026-09-01 07:05:55,225  INFO       [91wheels] Ola S1X page 6
2026-09-01 07:05:58,123  INFO       [91wheels] Ola S1X page 7
2026-09-01 07:06:01,140  INFO       [91wheels] Ola S1X page 8
2026-09-01 07:06:04,025  INFO       [91wheels] Ola S1X page 9
2026-09-01 07:06:06,191  INFO       [91wheels] Ola S1X page 10
2026-09-01 07:06:08,337  INFO       [91wheels] Ola S1X page 11
2026-09-01 07:06:10,246  INFO       [91wheels] Ola S1X page 12
2026-09-01 07:06:12,232  INFO       [91wheels] Ola S1X page 13
2026-09-01 07:06:15,022  INFO       [91wheels] Ola S1X page 14
2026-09-01 07:06:15,710  INFO       No cards on page 14 — end of results
2026-09-01 07:06:15,713  INFO       collected 70 rows
2026-09-01 07:06:15,713  INFO       [bikewale] Ola S1X page 1
2026-09-01 07:06:18,512  INFO       [bikewale] Ola S1X page 2
2026-09-01 07:06:20,791  INFO       [bikewale] Ola S1X page 3
2026-09-01 07:06:22,990  INFO       [bikewale] Ola S1X page 4
2026-09-01 07:06:23,676  INFO       No cards on page 4 — end of results
2026-09-01 07:06:23,679  INFO       collected 88 rows
2026-09-01 07:06:23,679  INFO       [bikedekho] Ola S1X page 1
2026-09-01 07:06:26,036  INFO       [bikedekho] Ola S1X page 2
2026-09-01 07:06:28,639  INFO       [bikedekho] Ola S1X page 3
2026-09-01 07:06:31,128  INFO       [bikedekho] Ola S1X page 4
2026-09-01 07:06:33,604  INFO       [bikedekho] Ola S1X page 5
2026-09-01 07:06:36,374  INFO       [bikedekho] Ola S1X page 6
2026-09-01 07:06:39,131  INFO       [bikedekho] Ola S1X page 7
2026-09-01 07:06:42,868  INFO       [bikedekho] Ola S1X page 8
2026-09-01 07:06:45,632  INFO       [bikedekho] Ola S1X page 9
2026-09-01 07:06:48,354  INFO       [bikedekho] Ola S1X page 10
2026-09-01 07:06:51,128  INFO       [bikedekho] Ola S1X page 11
2026-09-01 07:06:53,884  INFO       [bikedekho] Ola S1X page 12
2026-09-01 07:06:56,620  INFO       [bikedekho] Ola S1X page 13
2026-09-01 07:06:59,515  INFO       [bikedekho] Ola S1X page 14
2026-09-01 07:07:03,415  INFO       [bikedekho] Ola S1X page 15
2026-09-01 07:07:06,170  INFO       [bikedekho] Ola S1X page 16
2026-09-01 07:07:09,152  INFO       [bikedekho] Ola S1X page 17
2026-09-01 07:07:11,886  INFO       [bikedekho] Ola S1X page 18
2026-09-01 07:07:14,693  INFO       collected 526 rows
2026-09-01 07:07:14,693  INFO     ── Bajaj Chetak ──────────────────────────
2026-09-01 07:07:14,693  INFO       [91wheels] Bajaj Chetak page 1
2026-09-01 07:07:17,619  INFO       [91wheels] Bajaj Chetak page 2
2026-09-01 07:07:20,469  INFO       [91wheels] Bajaj Chetak page 3
2026-09-01 07:07:23,321  INFO       [91wheels] Bajaj Chetak page 4
2026-09-01 07:07:26,188  INFO       [91wheels] Bajaj Chetak page 5
2026-09-01 07:07:29,185  INFO       [91wheels] Bajaj Chetak page 6
2026-09-01 07:07:32,026  INFO       [91wheels] Bajaj Chetak page 7
2026-09-01 07:07:34,174  INFO       [91wheels] Bajaj Chetak page 8
2026-09-01 07:07:37,021  INFO       [91wheels] Bajaj Chetak page 9
2026-09-01 07:07:39,217  INFO       [91wheels] Bajaj Chetak page 10
2026-09-01 07:07:42,055  INFO       [91wheels] Bajaj Chetak page 11
2026-09-01 07:07:44,949  INFO       [91wheels] Bajaj Chetak page 12
2026-09-01 07:07:47,818  INFO       [91wheels] Bajaj Chetak page 13
2026-09-01 07:07:50,693  INFO       [91wheels] Bajaj Chetak page 14
2026-09-01 07:07:53,090  INFO       [91wheels] Bajaj Chetak page 15
2026-09-01 07:07:55,322  INFO       [91wheels] Bajaj Chetak page 16
2026-09-01 07:07:58,401  INFO       [91wheels] Bajaj Chetak page 17
2026-09-01 07:08:01,238  INFO       [91wheels] Bajaj Chetak page 18
2026-09-01 07:08:03,393  INFO       [91wheels] Bajaj Chetak page 19
2026-09-01 07:08:05,340  INFO       [91wheels] Bajaj Chetak page 20
2026-09-01 07:08:08,187  INFO       [91wheels] Bajaj Chetak page 21
2026-09-01 07:08:10,370  INFO       [91wheels] Bajaj Chetak page 22
2026-09-01 07:08:12,766  INFO       [91wheels] Bajaj Chetak page 23
2026-09-01 07:08:14,677  INFO       [91wheels] Bajaj Chetak page 24
2026-09-01 07:08:17,604  INFO       [91wheels] Bajaj Chetak page 25
2026-09-01 07:08:20,537  INFO       [91wheels] Bajaj Chetak page 26
2026-09-01 07:08:22,754  INFO       [91wheels] Bajaj Chetak page 27
2026-09-01 07:08:25,646  INFO       [91wheels] Bajaj Chetak page 28
2026-09-01 07:08:28,867  INFO       [91wheels] Bajaj Chetak page 29
2026-09-01 07:08:31,209  INFO       [91wheels] Bajaj Chetak page 30
2026-09-01 07:08:33,480  INFO       [91wheels] Bajaj Chetak page 31
2026-09-01 07:08:36,064  INFO       [91wheels] Bajaj Chetak page 32
2026-09-01 07:08:38,043  INFO       [91wheels] Bajaj Chetak page 33
2026-09-01 07:08:40,368  INFO       [91wheels] Bajaj Chetak page 34
2026-09-01 07:08:43,244  INFO       [91wheels] Bajaj Chetak page 35
2026-09-01 07:08:45,227  INFO       [91wheels] Bajaj Chetak page 36
2026-09-01 07:08:47,514  INFO       [91wheels] Bajaj Chetak page 37
2026-09-01 07:08:49,658  INFO       [91wheels] Bajaj Chetak page 38
2026-09-01 07:08:50,135  INFO       No cards on page 38 — end of results
2026-09-01 07:08:50,138  INFO       collected 190 rows
2026-09-01 07:08:50,138  INFO       [bikewale] Bajaj Chetak page 1
2026-09-01 07:08:53,211  INFO       [bikewale] Bajaj Chetak page 2
2026-09-01 07:08:55,752  INFO       [bikewale] Bajaj Chetak page 3
2026-09-01 07:08:57,975  INFO       [bikewale] Bajaj Chetak page 4
2026-09-01 07:09:00,330  INFO       [bikewale] Bajaj Chetak page 5
2026-09-01 07:09:02,563  INFO       [bikewale] Bajaj Chetak page 6
2026-09-01 07:09:04,867  INFO       [bikewale] Bajaj Chetak page 7
2026-09-01 07:09:08,123  INFO       [bikewale] Bajaj Chetak page 8
2026-09-01 07:09:10,587  INFO       [bikewale] Bajaj Chetak page 9
2026-09-01 07:09:12,805  INFO       [bikewale] Bajaj Chetak page 10
2026-09-01 07:09:15,286  INFO       [bikewale] Bajaj Chetak page 11
2026-09-01 07:09:17,511  INFO       [bikewale] Bajaj Chetak page 12
2026-09-01 07:09:19,737  INFO       [bikewale] Bajaj Chetak page 13
2026-09-01 07:09:21,881  INFO       [bikewale] Bajaj Chetak page 14
2026-09-01 07:09:22,487  INFO       No cards on page 14 — end of results
2026-09-01 07:09:22,491  INFO       collected 436 rows
2026-09-01 07:09:22,491  INFO       [bikedekho] Bajaj Chetak page 1
2026-09-01 07:09:24,822  INFO       [bikedekho] Bajaj Chetak page 2
2026-09-01 07:09:27,439  INFO       [bikedekho] Bajaj Chetak page 3
2026-09-01 07:09:29,983  INFO       [bikedekho] Bajaj Chetak page 4
2026-09-01 07:09:32,497  INFO       [bikedekho] Bajaj Chetak page 5
2026-09-01 07:09:35,013  INFO       [bikedekho] Bajaj Chetak page 6
2026-09-01 07:09:37,772  INFO       [bikedekho] Bajaj Chetak page 7
2026-09-01 07:09:41,474  INFO       [bikedekho] Bajaj Chetak page 8
2026-09-01 07:09:44,270  INFO       [bikedekho] Bajaj Chetak page 9
2026-09-01 07:09:48,000  INFO       [bikedekho] Bajaj Chetak page 10
2026-09-01 07:09:50,751  INFO       [bikedekho] Bajaj Chetak page 11
2026-09-01 07:09:53,528  INFO       [bikedekho] Bajaj Chetak page 12
2026-09-01 07:09:56,429  INFO       [bikedekho] Bajaj Chetak page 13
2026-09-01 07:09:59,251  INFO       [bikedekho] Bajaj Chetak page 14
2026-09-01 07:10:02,023  INFO       [bikedekho] Bajaj Chetak page 15
2026-09-01 07:10:04,758  INFO       [bikedekho] Bajaj Chetak page 16
2026-09-01 07:10:07,569  INFO       [bikedekho] Bajaj Chetak page 17
2026-09-01 07:10:10,421  INFO       [bikedekho] Bajaj Chetak page 18
2026-09-01 07:10:13,281  INFO       collected 534 rows
2026-09-01 07:10:13,281  INFO     ── Hero Vida V2 ──────────────────────────
2026-09-01 07:10:13,281  INFO       [91wheels] Hero Vida V2 page 1
2026-09-01 07:10:16,297  INFO       [91wheels] Hero Vida V2 page 2
2026-09-01 07:10:19,078  INFO       [91wheels] Hero Vida V2 page 3
2026-09-01 07:10:22,142  INFO       [91wheels] Hero Vida V2 page 4
2026-09-01 07:10:24,931  INFO       [91wheels] Hero Vida V2 page 5
2026-09-01 07:10:27,971  INFO       [91wheels] Hero Vida V2 page 6
2026-09-01 07:10:31,027  INFO       [91wheels] Hero Vida V2 page 7
2026-09-01 07:10:33,885  INFO       [91wheels] Hero Vida V2 page 8
2026-09-01 07:10:36,035  INFO       [91wheels] Hero Vida V2 page 9
2026-09-01 07:10:39,266  INFO       [91wheels] Hero Vida V2 page 10
2026-09-01 07:10:39,685  INFO       No cards on page 10 — end of results
2026-09-01 07:10:39,688  INFO       collected 49 rows
2026-09-01 07:10:39,688  INFO       [bikewale] Hero Vida V2 page 1
2026-09-01 07:10:41,957  INFO       [bikewale] Hero Vida V2 page 2
2026-09-01 07:10:44,466  INFO       [bikewale] Hero Vida V2 page 3
2026-09-01 07:10:45,286  INFO       No cards on page 3 — end of results
2026-09-01 07:10:45,289  INFO       collected 64 rows
2026-09-01 07:10:45,289  INFO       [bikedekho] Hero Vida V2 page 1
2026-09-01 07:10:47,793  INFO       [bikedekho] Hero Vida V2 page 2
2026-09-01 07:10:50,295  INFO       [bikedekho] Hero Vida V2 page 3
2026-09-01 07:10:52,793  INFO       [bikedekho] Hero Vida V2 page 4
2026-09-01 07:10:55,561  INFO       [bikedekho] Hero Vida V2 page 5
2026-09-01 07:10:58,263  INFO       [bikedekho] Hero Vida V2 page 6
2026-09-01 07:11:01,047  INFO       [bikedekho] Hero Vida V2 page 7
2026-09-01 07:11:03,754  INFO       [bikedekho] Hero Vida V2 page 8
2026-09-01 07:11:06,537  INFO       [bikedekho] Hero Vida V2 page 9
2026-09-01 07:11:09,347  INFO       [bikedekho] Hero Vida V2 page 10
2026-09-01 07:11:12,288  INFO       [bikedekho] Hero Vida V2 page 11
2026-09-01 07:11:15,980  INFO       [bikedekho] Hero Vida V2 page 12
2026-09-01 07:11:18,698  INFO       [bikedekho] Hero Vida V2 page 13
2026-09-01 07:11:21,455  INFO       [bikedekho] Hero Vida V2 page 14
2026-09-01 07:11:24,175  INFO       [bikedekho] Hero Vida V2 page 15
2026-09-01 07:11:28,052  INFO       [bikedekho] Hero Vida V2 page 16
2026-09-01 07:11:30,772  INFO       [bikedekho] Hero Vida V2 page 17
2026-09-01 07:11:33,500  INFO       [bikedekho] Hero Vida V2 page 18
2026-09-01 07:11:36,215  INFO       collected 535 rows
2026-09-01 07:11:36,333  INFO     Within-batch dedup: 4571 → 1881 rows
2026-09-01 07:11:36,348  INFO     Master: 2522 rows | Batch: 1881 | Net-new: 49 | Duplicates skipped: 1832
2026-09-01 07:11:36,400  INFO     Master saved → /home/runner/work/ev-scooter-sentiment-analysis/ev-scooter-sentiment-analysis/data/master_reviews.csv (2571 total rows)
2026-09-01 07:11:36,402  INFO     Batch saved → /home/runner/work/ev-scooter-sentiment-analysis/ev-scooter-sentiment-analysis/data/batches/20260901_batch.csv
2026-09-01 07:11:36,402  INFO     ============================================================
2026-09-01 07:11:36,402  INFO     Done. 49 net-new reviews added to master.
2026-09-01 07:11:36,402  INFO     ============================================================
2026-09-01 07:11:36,402  INFO     COMMIT_MSG: data: pipeline run 2026-09-01 (+49 reviews, 1832 skipped)
