2026-09-15 06:58:21,314  INFO     ============================================================
2026-09-15 06:58:21,314  INFO     EV Scraper — run date: 15-09-2026
2026-09-15 06:58:21,314  INFO     ============================================================
2026-09-15 06:58:21,314  INFO     ── TVS iQube ──────────────────────────
2026-09-15 06:58:21,315  INFO       [91wheels] TVS iQube page 1
2026-09-15 06:58:24,383  INFO       [91wheels] TVS iQube page 2
2026-09-15 06:58:27,299  INFO       [91wheels] TVS iQube page 3
2026-09-15 06:58:29,480  INFO       [91wheels] TVS iQube page 4
2026-09-15 06:58:32,415  INFO       [91wheels] TVS iQube page 5
2026-09-15 06:58:35,343  INFO       [91wheels] TVS iQube page 6
2026-09-15 06:58:37,535  INFO       [91wheels] TVS iQube page 7
2026-09-15 06:58:39,814  INFO       [91wheels] TVS iQube page 8
2026-09-15 06:58:42,722  INFO       [91wheels] TVS iQube page 9
2026-09-15 06:58:45,604  INFO       [91wheels] TVS iQube page 10
2026-09-15 06:58:47,780  INFO       [91wheels] TVS iQube page 11
2026-09-15 06:58:50,686  INFO       [91wheels] TVS iQube page 12
2026-09-15 06:58:53,569  INFO       [91wheels] TVS iQube page 13
2026-09-15 06:58:55,781  INFO       [91wheels] TVS iQube page 14
2026-09-15 06:58:58,678  INFO       [91wheels] TVS iQube page 15
2026-09-15 06:59:01,127  INFO       [91wheels] TVS iQube page 16
2026-09-15 06:59:03,306  INFO       [91wheels] TVS iQube page 17
2026-09-15 06:59:06,251  INFO       [91wheels] TVS iQube page 18
2026-09-15 06:59:08,468  INFO       [91wheels] TVS iQube page 19
2026-09-15 06:59:11,432  INFO       [91wheels] TVS iQube page 20
2026-09-15 06:59:13,603  INFO       [91wheels] TVS iQube page 21
2026-09-15 06:59:16,525  INFO       [91wheels] TVS iQube page 22
2026-09-15 06:59:18,519  INFO       [91wheels] TVS iQube page 23
2026-09-15 06:59:20,461  INFO       [91wheels] TVS iQube page 24
2026-09-15 06:59:23,361  INFO       [91wheels] TVS iQube page 25
2026-09-15 06:59:25,546  INFO       [91wheels] TVS iQube page 26
2026-09-15 06:59:28,436  INFO       [91wheels] TVS iQube page 27
2026-09-15 06:59:30,848  INFO       [91wheels] TVS iQube page 28
2026-09-15 06:59:33,797  INFO       [91wheels] TVS iQube page 29
2026-09-15 06:59:36,008  INFO       [91wheels] TVS iQube page 30
2026-09-15 06:59:38,884  INFO       [91wheels] TVS iQube page 31
2026-09-15 06:59:41,759  INFO       [91wheels] TVS iQube page 32
2026-09-15 06:59:44,686  INFO       [91wheels] TVS iQube page 33
2026-09-15 06:59:46,839  INFO       [91wheels] TVS iQube page 34
2026-09-15 06:59:49,243  INFO       [91wheels] TVS iQube page 35
2026-09-15 06:59:52,139  INFO       [91wheels] TVS iQube page 36
2026-09-15 06:59:54,565  INFO       [91wheels] TVS iQube page 37
2026-09-15 06:59:57,435  INFO       [91wheels] TVS iQube page 38
2026-09-15 07:00:00,320  INFO       [91wheels] TVS iQube page 39
2026-09-15 07:00:03,325  INFO       [91wheels] TVS iQube page 40
2026-09-15 07:00:06,248  INFO       collected 205 rows
2026-09-15 07:00:06,248  INFO       [bikewale] TVS iQube page 1
2026-09-15 07:00:08,565  INFO       [bikewale] TVS iQube page 2
2026-09-15 07:00:10,846  INFO       [bikewale] TVS iQube page 3
2026-09-15 07:00:13,726  INFO       [bikewale] TVS iQube page 4
2026-09-15 07:00:16,308  INFO       [bikewale] TVS iQube page 5
2026-09-15 07:00:18,657  INFO       [bikewale] TVS iQube page 6
2026-09-15 07:00:21,903  INFO       [bikewale] TVS iQube page 7
2026-09-15 07:00:24,284  INFO       [bikewale] TVS iQube page 8
2026-09-15 07:00:26,577  INFO       [bikewale] TVS iQube page 9
2026-09-15 07:00:29,233  INFO       [bikewale] TVS iQube page 10
2026-09-15 07:00:31,576  INFO       [bikewale] TVS iQube page 11
2026-09-15 07:00:34,115  INFO       [bikewale] TVS iQube page 12
2026-09-15 07:00:36,447  INFO       [bikewale] TVS iQube page 13
2026-09-15 07:00:38,822  INFO       [bikewale] TVS iQube page 14
2026-09-15 07:00:41,328  INFO       [bikewale] TVS iQube page 15
2026-09-15 07:00:43,613  INFO       [bikewale] TVS iQube page 16
2026-09-15 07:00:44,253  INFO       No cards on page 16 — end of results
2026-09-15 07:00:44,258  INFO       collected 540 rows
2026-09-15 07:00:44,258  INFO       [bikedekho] TVS iQube page 1
2026-09-15 07:00:46,902  INFO       [bikedekho] TVS iQube page 2
2026-09-15 07:00:50,514  INFO       [bikedekho] TVS iQube page 3
2026-09-15 07:00:53,080  INFO       [bikedekho] TVS iQube page 4
2026-09-15 07:00:55,868  INFO       [bikedekho] TVS iQube page 5
2026-09-15 07:00:58,445  INFO       [bikedekho] TVS iQube page 6
2026-09-15 07:01:01,003  INFO       [bikedekho] TVS iQube page 7
2026-09-15 07:01:03,563  INFO       [bikedekho] TVS iQube page 8
2026-09-15 07:01:06,164  INFO       [bikedekho] TVS iQube page 9
2026-09-15 07:01:08,746  INFO       [bikedekho] TVS iQube page 10
2026-09-15 07:01:11,380  INFO       [bikedekho] TVS iQube page 11
2026-09-15 07:01:13,973  INFO       [bikedekho] TVS iQube page 12
2026-09-15 07:01:16,525  INFO       [bikedekho] TVS iQube page 13
2026-09-15 07:01:19,081  INFO       [bikedekho] TVS iQube page 14
2026-09-15 07:01:21,644  INFO       [bikedekho] TVS iQube page 15
2026-09-15 07:01:24,215  INFO       [bikedekho] TVS iQube page 16
2026-09-15 07:01:27,820  INFO       [bikedekho] TVS iQube page 17
2026-09-15 07:01:30,371  INFO       [bikedekho] TVS iQube page 18
2026-09-15 07:01:33,280  INFO       collected 514 rows
2026-09-15 07:01:33,280  INFO     ── Ather Rizta ──────────────────────────
2026-09-15 07:01:33,280  INFO       [91wheels] Ather Rizta page 1
2026-09-15 07:01:36,165  INFO       [91wheels] Ather Rizta page 2
2026-09-15 07:01:38,594  INFO       [91wheels] Ather Rizta page 3
2026-09-15 07:01:41,460  INFO       [91wheels] Ather Rizta page 4
2026-09-15 07:01:43,960  INFO       [91wheels] Ather Rizta page 5
2026-09-15 07:01:46,853  INFO       [91wheels] Ather Rizta page 6
2026-09-15 07:01:49,267  INFO       [91wheels] Ather Rizta page 7
2026-09-15 07:01:51,467  INFO       [91wheels] Ather Rizta page 8
2026-09-15 07:01:53,446  INFO       [91wheels] Ather Rizta page 9
2026-09-15 07:01:55,564  INFO       [91wheels] Ather Rizta page 10
2026-09-15 07:01:57,631  INFO       [91wheels] Ather Rizta page 11
2026-09-15 07:01:59,626  INFO       [91wheels] Ather Rizta page 12
2026-09-15 07:02:02,108  INFO       [91wheels] Ather Rizta page 13
2026-09-15 07:02:05,000  INFO       [91wheels] Ather Rizta page 14
2026-09-15 07:02:07,879  INFO       [91wheels] Ather Rizta page 15
2026-09-15 07:02:10,061  INFO       [91wheels] Ather Rizta page 16
2026-09-15 07:02:12,992  INFO       [91wheels] Ather Rizta page 17
2026-09-15 07:02:15,869  INFO       [91wheels] Ather Rizta page 18
2026-09-15 07:02:18,384  INFO       [91wheels] Ather Rizta page 19
2026-09-15 07:02:21,286  INFO       [91wheels] Ather Rizta page 20
2026-09-15 07:02:23,460  INFO       [91wheels] Ather Rizta page 21
2026-09-15 07:02:26,323  INFO       [91wheels] Ather Rizta page 22
2026-09-15 07:02:28,346  INFO       [91wheels] Ather Rizta page 23
2026-09-15 07:02:30,303  INFO       [91wheels] Ather Rizta page 24
2026-09-15 07:02:33,171  INFO       [91wheels] Ather Rizta page 25
2026-09-15 07:02:35,131  INFO       [91wheels] Ather Rizta page 26
2026-09-15 07:02:37,563  INFO       [91wheels] Ather Rizta page 27
2026-09-15 07:02:39,760  INFO       [91wheels] Ather Rizta page 28
2026-09-15 07:02:42,737  INFO       [91wheels] Ather Rizta page 29
2026-09-15 07:02:45,793  INFO       [91wheels] Ather Rizta page 30
2026-09-15 07:02:48,202  INFO       [91wheels] Ather Rizta page 31
2026-09-15 07:02:49,115  INFO       No cards on page 31 — end of results
2026-09-15 07:02:49,119  INFO       collected 155 rows
2026-09-15 07:02:49,119  INFO       [bikewale] Ather Rizta page 1
2026-09-15 07:02:51,433  INFO       [bikewale] Ather Rizta page 2
2026-09-15 07:02:54,263  INFO       [bikewale] Ather Rizta page 3
2026-09-15 07:02:56,832  INFO       [bikewale] Ather Rizta page 4
2026-09-15 07:02:59,091  INFO       [bikewale] Ather Rizta page 5
2026-09-15 07:02:59,751  INFO       No cards on page 5 — end of results
2026-09-15 07:02:59,754  INFO       collected 128 rows
2026-09-15 07:02:59,754  INFO       [bikedekho] Ather Rizta page 1
2026-09-15 07:03:02,342  INFO       [bikedekho] Ather Rizta page 2
2026-09-15 07:03:05,877  INFO       [bikedekho] Ather Rizta page 3
2026-09-15 07:03:08,441  INFO       [bikedekho] Ather Rizta page 4
2026-09-15 07:03:12,172  INFO       [bikedekho] Ather Rizta page 5
2026-09-15 07:03:15,094  INFO       [bikedekho] Ather Rizta page 6
2026-09-15 07:03:18,228  INFO       [bikedekho] Ather Rizta page 7
2026-09-15 07:03:22,035  INFO       [bikedekho] Ather Rizta page 8
2026-09-15 07:03:24,833  INFO       [bikedekho] Ather Rizta page 9
2026-09-15 07:03:27,660  INFO       [bikedekho] Ather Rizta page 10
2026-09-15 07:03:30,482  INFO       [bikedekho] Ather Rizta page 11
2026-09-15 07:03:33,272  INFO       [bikedekho] Ather Rizta page 12
2026-09-15 07:03:37,266  INFO       [bikedekho] Ather Rizta page 13
2026-09-15 07:03:40,154  INFO       [bikedekho] Ather Rizta page 14
2026-09-15 07:03:43,006  INFO       [bikedekho] Ather Rizta page 15
2026-09-15 07:03:45,797  INFO       [bikedekho] Ather Rizta page 16
2026-09-15 07:03:48,617  INFO       [bikedekho] Ather Rizta page 17
2026-09-15 07:03:51,491  INFO       [bikedekho] Ather Rizta page 18
2026-09-15 07:03:54,350  INFO       collected 534 rows
2026-09-15 07:03:54,350  INFO     ── Ola S1X ──────────────────────────
2026-09-15 07:03:54,350  INFO       [91wheels] Ola S1X page 1
2026-09-15 07:03:57,173  INFO       [91wheels] Ola S1X page 2
2026-09-15 07:03:59,328  INFO       [91wheels] Ola S1X page 3
2026-09-15 07:04:02,149  INFO       [91wheels] Ola S1X page 4
2026-09-15 07:04:04,950  INFO       [91wheels] Ola S1X page 5
2026-09-15 07:04:07,177  INFO       [91wheels] Ola S1X page 6
2026-09-15 07:04:09,342  INFO       [91wheels] Ola S1X page 7
2026-09-15 07:04:12,119  INFO       [91wheels] Ola S1X page 8
2026-09-15 07:04:14,976  INFO       [91wheels] Ola S1X page 9
2026-09-15 07:04:17,188  INFO       [91wheels] Ola S1X page 10
2026-09-15 07:04:19,963  INFO       [91wheels] Ola S1X page 11
2026-09-15 07:04:22,748  INFO       [91wheels] Ola S1X page 12
2026-09-15 07:04:24,919  INFO       [91wheels] Ola S1X page 13
2026-09-15 07:04:27,727  INFO       [91wheels] Ola S1X page 14
2026-09-15 07:04:29,877  INFO       [91wheels] Ola S1X page 15
2026-09-15 07:04:30,980  INFO       No cards on page 15 — end of results
2026-09-15 07:04:30,983  INFO       collected 74 rows
2026-09-15 07:04:30,984  INFO       [bikewale] Ola S1X page 1
2026-09-15 07:04:33,350  INFO       [bikewale] Ola S1X page 2
2026-09-15 07:04:35,700  INFO       [bikewale] Ola S1X page 3
2026-09-15 07:04:37,904  INFO       [bikewale] Ola S1X page 4
2026-09-15 07:04:38,573  INFO       No cards on page 4 — end of results
2026-09-15 07:04:38,577  INFO       collected 88 rows
2026-09-15 07:04:38,577  INFO       [bikedekho] Ola S1X page 1
2026-09-15 07:04:40,996  INFO       [bikedekho] Ola S1X page 2
2026-09-15 07:04:44,486  INFO       [bikedekho] Ola S1X page 3
2026-09-15 07:04:47,089  INFO       [bikedekho] Ola S1X page 4
2026-09-15 07:04:49,592  INFO       [bikedekho] Ola S1X page 5
2026-09-15 07:04:52,353  INFO       [bikedekho] Ola S1X page 6
2026-09-15 07:04:55,127  INFO       [bikedekho] Ola S1X page 7
2026-09-15 07:04:58,859  INFO       [bikedekho] Ola S1X page 8
2026-09-15 07:05:01,642  INFO       [bikedekho] Ola S1X page 9
2026-09-15 07:05:04,506  INFO       [bikedekho] Ola S1X page 10
2026-09-15 07:05:07,270  INFO       [bikedekho] Ola S1X page 11
2026-09-15 07:05:11,241  INFO       [bikedekho] Ola S1X page 12
2026-09-15 07:05:13,997  INFO       [bikedekho] Ola S1X page 13
2026-09-15 07:05:16,782  INFO       [bikedekho] Ola S1X page 14
2026-09-15 07:05:19,598  INFO       [bikedekho] Ola S1X page 15
2026-09-15 07:05:22,348  INFO       [bikedekho] Ola S1X page 16
2026-09-15 07:05:25,134  INFO       [bikedekho] Ola S1X page 17
2026-09-15 07:05:27,922  INFO       [bikedekho] Ola S1X page 18
2026-09-15 07:05:30,662  INFO       collected 527 rows
2026-09-15 07:05:30,662  INFO     ── Bajaj Chetak ──────────────────────────
2026-09-15 07:05:30,662  INFO       [91wheels] Bajaj Chetak page 1
2026-09-15 07:05:33,603  INFO       [91wheels] Bajaj Chetak page 2
2026-09-15 07:05:35,787  INFO       [91wheels] Bajaj Chetak page 3
2026-09-15 07:05:38,632  INFO       [91wheels] Bajaj Chetak page 4
2026-09-15 07:05:40,795  INFO       [91wheels] Bajaj Chetak page 5
2026-09-15 07:05:43,770  INFO       [91wheels] Bajaj Chetak page 6
2026-09-15 07:05:46,673  INFO       [91wheels] Bajaj Chetak page 7
2026-09-15 07:05:49,599  INFO       [91wheels] Bajaj Chetak page 8
2026-09-15 07:05:52,453  INFO       [91wheels] Bajaj Chetak page 9
2026-09-15 07:05:55,313  INFO       [91wheels] Bajaj Chetak page 10
2026-09-15 07:05:57,741  INFO       [91wheels] Bajaj Chetak page 11
2026-09-15 07:06:00,645  INFO       [91wheels] Bajaj Chetak page 12
2026-09-15 07:06:03,138  INFO       [91wheels] Bajaj Chetak page 13
2026-09-15 07:06:06,127  INFO       [91wheels] Bajaj Chetak page 14
2026-09-15 07:06:08,638  INFO       [91wheels] Bajaj Chetak page 15
2026-09-15 07:06:11,507  INFO       [91wheels] Bajaj Chetak page 16
2026-09-15 07:06:14,398  INFO       [91wheels] Bajaj Chetak page 17
2026-09-15 07:06:16,554  INFO       [91wheels] Bajaj Chetak page 18
2026-09-15 07:06:19,463  INFO       [91wheels] Bajaj Chetak page 19
2026-09-15 07:06:22,376  INFO       [91wheels] Bajaj Chetak page 20
2026-09-15 07:06:24,586  INFO       [91wheels] Bajaj Chetak page 21
2026-09-15 07:06:26,523  INFO       [91wheels] Bajaj Chetak page 22
2026-09-15 07:06:29,396  INFO       [91wheels] Bajaj Chetak page 23
2026-09-15 07:06:31,315  INFO       [91wheels] Bajaj Chetak page 24
2026-09-15 07:06:33,491  INFO       [91wheels] Bajaj Chetak page 25
2026-09-15 07:06:35,891  INFO       [91wheels] Bajaj Chetak page 26
2026-09-15 07:06:38,827  INFO       [91wheels] Bajaj Chetak page 27
2026-09-15 07:06:41,047  INFO       [91wheels] Bajaj Chetak page 28
2026-09-15 07:06:43,457  INFO       [91wheels] Bajaj Chetak page 29
2026-09-15 07:06:45,413  INFO       [91wheels] Bajaj Chetak page 30
2026-09-15 07:06:48,364  INFO       [91wheels] Bajaj Chetak page 31
2026-09-15 07:06:51,257  INFO       [91wheels] Bajaj Chetak page 32
2026-09-15 07:06:54,193  INFO       [91wheels] Bajaj Chetak page 33
2026-09-15 07:06:57,067  INFO       [91wheels] Bajaj Chetak page 34
2026-09-15 07:06:59,506  INFO       [91wheels] Bajaj Chetak page 35
2026-09-15 07:07:01,665  INFO       [91wheels] Bajaj Chetak page 36
2026-09-15 07:07:03,854  INFO       [91wheels] Bajaj Chetak page 37
2026-09-15 07:07:05,913  INFO       [91wheels] Bajaj Chetak page 38
2026-09-15 07:07:07,861  INFO       [91wheels] Bajaj Chetak page 39
2026-09-15 07:07:09,280  INFO       No cards on page 39 — end of results
2026-09-15 07:07:09,284  INFO       collected 195 rows
2026-09-15 07:07:09,284  INFO       [bikewale] Bajaj Chetak page 1
2026-09-15 07:07:11,675  INFO       [bikewale] Bajaj Chetak page 2
2026-09-15 07:07:14,000  INFO       [bikewale] Bajaj Chetak page 3
2026-09-15 07:07:16,410  INFO       [bikewale] Bajaj Chetak page 4
2026-09-15 07:07:19,007  INFO       [bikewale] Bajaj Chetak page 5
2026-09-15 07:07:21,394  INFO       [bikewale] Bajaj Chetak page 6
2026-09-15 07:07:23,728  INFO       [bikewale] Bajaj Chetak page 7
2026-09-15 07:07:26,192  INFO       [bikewale] Bajaj Chetak page 8
2026-09-15 07:07:28,557  INFO       [bikewale] Bajaj Chetak page 9
2026-09-15 07:07:30,963  INFO       [bikewale] Bajaj Chetak page 10
2026-09-15 07:07:33,416  INFO       [bikewale] Bajaj Chetak page 11
2026-09-15 07:07:35,865  INFO       [bikewale] Bajaj Chetak page 12
2026-09-15 07:07:38,211  INFO       [bikewale] Bajaj Chetak page 13
2026-09-15 07:07:40,879  INFO       [bikewale] Bajaj Chetak page 14
2026-09-15 07:07:41,538  INFO       No cards on page 14 — end of results
2026-09-15 07:07:41,543  INFO       collected 436 rows
2026-09-15 07:07:41,543  INFO       [bikedekho] Bajaj Chetak page 1
2026-09-15 07:07:43,888  INFO       [bikedekho] Bajaj Chetak page 2
2026-09-15 07:07:46,451  INFO       [bikedekho] Bajaj Chetak page 3
2026-09-15 07:07:49,082  INFO       [bikedekho] Bajaj Chetak page 4
2026-09-15 07:07:51,635  INFO       [bikedekho] Bajaj Chetak page 5
2026-09-15 07:07:55,159  INFO       [bikedekho] Bajaj Chetak page 6
2026-09-15 07:07:58,218  INFO       [bikedekho] Bajaj Chetak page 7
2026-09-15 07:08:01,061  INFO       [bikedekho] Bajaj Chetak page 8
2026-09-15 07:08:04,107  INFO       [bikedekho] Bajaj Chetak page 9
2026-09-15 07:08:07,903  INFO       [bikedekho] Bajaj Chetak page 10
2026-09-15 07:08:10,753  INFO       [bikedekho] Bajaj Chetak page 11
2026-09-15 07:08:13,546  INFO       [bikedekho] Bajaj Chetak page 12
2026-09-15 07:08:16,355  INFO       [bikedekho] Bajaj Chetak page 13
2026-09-15 07:08:19,197  INFO       [bikedekho] Bajaj Chetak page 14
2026-09-15 07:08:22,059  INFO       [bikedekho] Bajaj Chetak page 15
2026-09-15 07:08:24,957  INFO       [bikedekho] Bajaj Chetak page 16
2026-09-15 07:08:27,740  INFO       [bikedekho] Bajaj Chetak page 17
2026-09-15 07:08:30,527  INFO       [bikedekho] Bajaj Chetak page 18
2026-09-15 07:08:33,330  INFO       collected 534 rows
2026-09-15 07:08:33,331  INFO     ── Hero Vida V2 ──────────────────────────
2026-09-15 07:08:33,331  INFO       [91wheels] Hero Vida V2 page 1
2026-09-15 07:08:36,124  INFO       [91wheels] Hero Vida V2 page 2
2026-09-15 07:08:38,284  INFO       [91wheels] Hero Vida V2 page 3
2026-09-15 07:08:40,722  INFO       [91wheels] Hero Vida V2 page 4
2026-09-15 07:08:43,532  INFO       [91wheels] Hero Vida V2 page 5
2026-09-15 07:08:46,331  INFO       [91wheels] Hero Vida V2 page 6
2026-09-15 07:08:49,178  INFO       [91wheels] Hero Vida V2 page 7
2026-09-15 07:08:52,041  INFO       [91wheels] Hero Vida V2 page 8
2026-09-15 07:08:54,842  INFO       [91wheels] Hero Vida V2 page 9
2026-09-15 07:08:57,053  INFO       [91wheels] Hero Vida V2 page 10
2026-09-15 07:08:57,692  INFO       No cards on page 10 — end of results
2026-09-15 07:08:57,695  INFO       collected 50 rows
2026-09-15 07:08:57,695  INFO       [bikewale] Hero Vida V2 page 1
2026-09-15 07:09:01,007  INFO       [bikewale] Hero Vida V2 page 2
2026-09-15 07:09:03,348  INFO       [bikewale] Hero Vida V2 page 3
2026-09-15 07:09:04,099  INFO       No cards on page 3 — end of results
2026-09-15 07:09:04,102  INFO       collected 72 rows
2026-09-15 07:09:04,102  INFO       [bikedekho] Hero Vida V2 page 1
2026-09-15 07:09:06,864  INFO       [bikedekho] Hero Vida V2 page 2
2026-09-15 07:09:09,364  INFO       [bikedekho] Hero Vida V2 page 3
2026-09-15 07:09:11,900  INFO       [bikedekho] Hero Vida V2 page 4
2026-09-15 07:09:14,659  INFO       [bikedekho] Hero Vida V2 page 5
2026-09-15 07:09:17,412  INFO       [bikedekho] Hero Vida V2 page 6
2026-09-15 07:09:20,200  INFO       [bikedekho] Hero Vida V2 page 7
2026-09-15 07:09:23,009  INFO       [bikedekho] Hero Vida V2 page 8
2026-09-15 07:09:26,946  INFO       [bikedekho] Hero Vida V2 page 9
2026-09-15 07:09:29,685  INFO       [bikedekho] Hero Vida V2 page 10
2026-09-15 07:09:33,407  INFO       [bikedekho] Hero Vida V2 page 11
2026-09-15 07:09:37,624  INFO       [bikedekho] Hero Vida V2 page 12
2026-09-15 07:09:40,399  INFO       [bikedekho] Hero Vida V2 page 13
2026-09-15 07:09:43,174  INFO       [bikedekho] Hero Vida V2 page 14
2026-09-15 07:09:45,906  INFO       [bikedekho] Hero Vida V2 page 15
2026-09-15 07:09:48,638  INFO       [bikedekho] Hero Vida V2 page 16
2026-09-15 07:09:51,429  INFO       [bikedekho] Hero Vida V2 page 17
2026-09-15 07:09:54,148  INFO       [bikedekho] Hero Vida V2 page 18
2026-09-15 07:09:57,846  INFO       collected 535 rows
2026-09-15 07:09:58,000  INFO     Within-batch dedup: 4587 → 1897 rows
2026-09-15 07:09:58,017  INFO     Master: 2571 rows | Batch: 1897 | Net-new: 54 | Duplicates skipped: 1843
2026-09-15 07:09:58,043  INFO     Master saved → /home/runner/work/ev-scooter-sentiment-analysis/ev-scooter-sentiment-analysis/data/master_reviews.csv (2625 total rows)
2026-09-15 07:09:58,045  INFO     Batch saved → /home/runner/work/ev-scooter-sentiment-analysis/ev-scooter-sentiment-analysis/data/batches/20260915_batch.csv
2026-09-15 07:09:58,045  INFO     ============================================================
2026-09-15 07:09:58,045  INFO     Done. 54 net-new reviews added to master.
2026-09-15 07:09:58,045  INFO     ============================================================
2026-09-15 07:09:58,045  INFO     COMMIT_MSG: data: pipeline run 2026-09-15 (+54 reviews, 1843 skipped)
