2026-08-01 05:19:34,326  INFO     ============================================================
2026-08-01 05:19:34,326  INFO     EV Scraper — run date: 01-08-2026
2026-08-01 05:19:34,326  INFO     ============================================================
2026-08-01 05:19:34,326  INFO     ── TVS iQube ──────────────────────────
2026-08-01 05:19:34,326  INFO       [91wheels] TVS iQube page 1
2026-08-01 05:19:37,295  INFO       [91wheels] TVS iQube page 2
2026-08-01 05:19:39,560  INFO       [91wheels] TVS iQube page 3
2026-08-01 05:19:42,576  INFO       [91wheels] TVS iQube page 4
2026-08-01 05:19:45,527  INFO       [91wheels] TVS iQube page 5
2026-08-01 05:19:48,334  INFO       [91wheels] TVS iQube page 6
2026-08-01 05:19:51,220  INFO       [91wheels] TVS iQube page 7
2026-08-01 05:19:53,989  INFO       [91wheels] TVS iQube page 8
2026-08-01 05:19:56,809  INFO       [91wheels] TVS iQube page 9
2026-08-01 05:19:59,560  INFO       [91wheels] TVS iQube page 10
2026-08-01 05:20:02,520  INFO       [91wheels] TVS iQube page 11
2026-08-01 05:20:04,709  INFO       [91wheels] TVS iQube page 12
2026-08-01 05:20:07,527  INFO       [91wheels] TVS iQube page 13
2026-08-01 05:20:10,421  INFO       [91wheels] TVS iQube page 14
2026-08-01 05:20:13,167  INFO       [91wheels] TVS iQube page 15
2026-08-01 05:20:15,985  INFO       [91wheels] TVS iQube page 16
2026-08-01 05:20:18,797  INFO       [91wheels] TVS iQube page 17
2026-08-01 05:20:20,972  INFO       [91wheels] TVS iQube page 18
2026-08-01 05:20:23,728  INFO       [91wheels] TVS iQube page 19
2026-08-01 05:20:25,917  INFO       [91wheels] TVS iQube page 20
2026-08-01 05:20:28,741  INFO       [91wheels] TVS iQube page 21
2026-08-01 05:20:31,481  INFO       [91wheels] TVS iQube page 22
2026-08-01 05:20:33,682  INFO       [91wheels] TVS iQube page 23
2026-08-01 05:20:35,662  INFO       [91wheels] TVS iQube page 24
2026-08-01 05:20:38,473  INFO       [91wheels] TVS iQube page 25
2026-08-01 05:20:40,465  INFO       [91wheels] TVS iQube page 26
2026-08-01 05:20:43,260  INFO       [91wheels] TVS iQube page 27
2026-08-01 05:20:46,176  INFO       [91wheels] TVS iQube page 28
2026-08-01 05:20:48,579  INFO       [91wheels] TVS iQube page 29
2026-08-01 05:20:51,480  INFO       [91wheels] TVS iQube page 30
2026-08-01 05:20:54,261  INFO       [91wheels] TVS iQube page 31
2026-08-01 05:20:56,427  INFO       [91wheels] TVS iQube page 32
2026-08-01 05:20:59,170  INFO       [91wheels] TVS iQube page 33
2026-08-01 05:21:01,928  INFO       [91wheels] TVS iQube page 34
2026-08-01 05:21:04,883  INFO       [91wheels] TVS iQube page 35
2026-08-01 05:21:06,920  INFO       [91wheels] TVS iQube page 36
2026-08-01 05:21:09,686  INFO       [91wheels] TVS iQube page 37
2026-08-01 05:21:12,444  INFO       [91wheels] TVS iQube page 38
2026-08-01 05:21:15,298  INFO       [91wheels] TVS iQube page 39
2026-08-01 05:21:17,528  INFO       [91wheels] TVS iQube page 40
2026-08-01 05:21:20,484  INFO       collected 205 rows
2026-08-01 05:21:20,485  INFO       [bikewale] TVS iQube page 1
2026-08-01 05:21:22,941  INFO       [bikewale] TVS iQube page 2
2026-08-01 05:21:25,401  INFO       [bikewale] TVS iQube page 3
2026-08-01 05:21:27,840  INFO       [bikewale] TVS iQube page 4
2026-08-01 05:21:30,187  INFO       [bikewale] TVS iQube page 5
2026-08-01 05:21:32,588  INFO       [bikewale] TVS iQube page 6
2026-08-01 05:21:35,045  INFO       [bikewale] TVS iQube page 7
2026-08-01 05:21:37,464  INFO       [bikewale] TVS iQube page 8
2026-08-01 05:21:39,807  INFO       [bikewale] TVS iQube page 9
2026-08-01 05:21:42,163  INFO       [bikewale] TVS iQube page 10
2026-08-01 05:21:44,585  INFO       [bikewale] TVS iQube page 11
2026-08-01 05:21:46,993  INFO       [bikewale] TVS iQube page 12
2026-08-01 05:21:49,383  INFO       [bikewale] TVS iQube page 13
2026-08-01 05:21:52,655  INFO       [bikewale] TVS iQube page 14
2026-08-01 05:21:55,066  INFO       [bikewale] TVS iQube page 15
2026-08-01 05:21:57,649  INFO       [bikewale] TVS iQube page 16
2026-08-01 05:21:58,347  INFO       No cards on page 16 — end of results
2026-08-01 05:21:58,352  INFO       collected 532 rows
2026-08-01 05:21:58,352  INFO       [bikedekho] TVS iQube page 1
2026-08-01 05:22:01,034  INFO       [bikedekho] TVS iQube page 2
2026-08-01 05:22:03,620  INFO       [bikedekho] TVS iQube page 3
2026-08-01 05:22:06,175  INFO       [bikedekho] TVS iQube page 4
2026-08-01 05:22:09,600  INFO       [bikedekho] TVS iQube page 5
2026-08-01 05:22:12,144  INFO       [bikedekho] TVS iQube page 6
2026-08-01 05:22:14,711  INFO       [bikedekho] TVS iQube page 7
2026-08-01 05:22:17,264  INFO       [bikedekho] TVS iQube page 8
2026-08-01 05:22:19,826  INFO       [bikedekho] TVS iQube page 9
2026-08-01 05:22:22,376  INFO       [bikedekho] TVS iQube page 10
2026-08-01 05:22:24,960  INFO       [bikedekho] TVS iQube page 11
2026-08-01 05:22:27,547  INFO       [bikedekho] TVS iQube page 12
2026-08-01 05:22:30,986  INFO       [bikedekho] TVS iQube page 13
2026-08-01 05:22:33,558  INFO       [bikedekho] TVS iQube page 14
2026-08-01 05:22:36,128  INFO       [bikedekho] TVS iQube page 15
2026-08-01 05:22:38,693  INFO       [bikedekho] TVS iQube page 16
2026-08-01 05:22:42,148  INFO       [bikedekho] TVS iQube page 17
2026-08-01 05:22:44,680  INFO       [bikedekho] TVS iQube page 18
2026-08-01 05:22:48,430  INFO       collected 514 rows
2026-08-01 05:22:48,430  INFO     ── Ather Rizta ──────────────────────────
2026-08-01 05:22:48,430  INFO       [91wheels] Ather Rizta page 1
2026-08-01 05:22:51,259  INFO       [91wheels] Ather Rizta page 2
2026-08-01 05:22:54,118  INFO       [91wheels] Ather Rizta page 3
2026-08-01 05:22:56,913  INFO       [91wheels] Ather Rizta page 4
2026-08-01 05:22:59,161  INFO       [91wheels] Ather Rizta page 5
2026-08-01 05:23:01,330  INFO       [91wheels] Ather Rizta page 6
2026-08-01 05:23:04,127  INFO       [91wheels] Ather Rizta page 7
2026-08-01 05:23:06,867  INFO       [91wheels] Ather Rizta page 8
2026-08-01 05:23:08,855  INFO       [91wheels] Ather Rizta page 9
2026-08-01 05:23:11,654  INFO       [91wheels] Ather Rizta page 10
2026-08-01 05:23:14,421  INFO       [91wheels] Ather Rizta page 11
2026-08-01 05:23:17,232  INFO       [91wheels] Ather Rizta page 12
2026-08-01 05:23:19,979  INFO       [91wheels] Ather Rizta page 13
2026-08-01 05:23:22,797  INFO       [91wheels] Ather Rizta page 14
2026-08-01 05:23:25,624  INFO       [91wheels] Ather Rizta page 15
2026-08-01 05:23:27,882  INFO       [91wheels] Ather Rizta page 16
2026-08-01 05:23:30,203  INFO       [91wheels] Ather Rizta page 17
2026-08-01 05:23:33,179  INFO       [91wheels] Ather Rizta page 18
2026-08-01 05:23:35,288  INFO       [91wheels] Ather Rizta page 19
2026-08-01 05:23:37,886  INFO       [91wheels] Ather Rizta page 20
2026-08-01 05:23:40,683  INFO       [91wheels] Ather Rizta page 21
2026-08-01 05:23:43,510  INFO       [91wheels] Ather Rizta page 22
2026-08-01 05:23:46,428  INFO       [91wheels] Ather Rizta page 23
2026-08-01 05:23:48,458  INFO       [91wheels] Ather Rizta page 24
2026-08-01 05:23:51,269  INFO       [91wheels] Ather Rizta page 25
2026-08-01 05:23:53,271  INFO       [91wheels] Ather Rizta page 26
2026-08-01 05:23:55,445  INFO       [91wheels] Ather Rizta page 27
2026-08-01 05:23:58,053  INFO       [91wheels] Ather Rizta page 28
2026-08-01 05:24:00,952  INFO       [91wheels] Ather Rizta page 29
2026-08-01 05:24:02,260  INFO       No cards on page 29 — end of results
2026-08-01 05:24:02,264  INFO       collected 144 rows
2026-08-01 05:24:02,264  INFO       [bikewale] Ather Rizta page 1
2026-08-01 05:24:04,759  INFO       [bikewale] Ather Rizta page 2
2026-08-01 05:24:07,375  INFO       [bikewale] Ather Rizta page 3
2026-08-01 05:24:09,842  INFO       [bikewale] Ather Rizta page 4
2026-08-01 05:24:12,130  INFO       [bikewale] Ather Rizta page 5
2026-08-01 05:24:12,825  INFO       No cards on page 5 — end of results
2026-08-01 05:24:12,828  INFO       collected 124 rows
2026-08-01 05:24:12,828  INFO       [bikedekho] Ather Rizta page 1
2026-08-01 05:24:15,172  INFO       [bikedekho] Ather Rizta page 2
2026-08-01 05:24:17,756  INFO       [bikedekho] Ather Rizta page 3
2026-08-01 05:24:20,321  INFO       [bikedekho] Ather Rizta page 4
2026-08-01 05:24:23,193  INFO       [bikedekho] Ather Rizta page 5
2026-08-01 05:24:26,968  INFO       [bikedekho] Ather Rizta page 6
2026-08-01 05:24:29,828  INFO       [bikedekho] Ather Rizta page 7
2026-08-01 05:24:32,646  INFO       [bikedekho] Ather Rizta page 8
2026-08-01 05:24:35,513  INFO       [bikedekho] Ather Rizta page 9
2026-08-01 05:24:39,205  INFO       [bikedekho] Ather Rizta page 10
2026-08-01 05:24:42,025  INFO       [bikedekho] Ather Rizta page 11
2026-08-01 05:24:44,874  INFO       [bikedekho] Ather Rizta page 12
2026-08-01 05:24:47,665  INFO       [bikedekho] Ather Rizta page 13
2026-08-01 05:24:50,477  INFO       [bikedekho] Ather Rizta page 14
2026-08-01 05:24:53,321  INFO       [bikedekho] Ather Rizta page 15
2026-08-01 05:24:56,149  INFO       [bikedekho] Ather Rizta page 16
2026-08-01 05:24:58,950  INFO       [bikedekho] Ather Rizta page 17
2026-08-01 05:25:02,764  INFO       [bikedekho] Ather Rizta page 18
2026-08-01 05:25:05,589  INFO       collected 533 rows
2026-08-01 05:25:05,589  INFO     ── Ola S1X ──────────────────────────
2026-08-01 05:25:05,589  INFO       [91wheels] Ola S1X page 1
2026-08-01 05:25:08,402  INFO       [91wheels] Ola S1X page 2
2026-08-01 05:25:11,057  INFO       [91wheels] Ola S1X page 3
2026-08-01 05:25:13,194  INFO       [91wheels] Ola S1X page 4
2026-08-01 05:25:15,933  INFO       [91wheels] Ola S1X page 5
2026-08-01 05:25:18,172  INFO       [91wheels] Ola S1X page 6
2026-08-01 05:25:20,262  INFO       [91wheels] Ola S1X page 7
2026-08-01 05:25:22,995  INFO       [91wheels] Ola S1X page 8
2026-08-01 05:25:25,658  INFO       [91wheels] Ola S1X page 9
2026-08-01 05:25:28,323  INFO       [91wheels] Ola S1X page 10
2026-08-01 05:25:30,463  INFO       [91wheels] Ola S1X page 11
2026-08-01 05:25:32,655  INFO       [91wheels] Ola S1X page 12
2026-08-01 05:25:35,418  INFO       [91wheels] Ola S1X page 13
2026-08-01 05:25:36,106  INFO       No cards on page 13 — end of results
2026-08-01 05:25:36,109  INFO       collected 65 rows
2026-08-01 05:25:36,109  INFO       [bikewale] Ola S1X page 1
2026-08-01 05:25:38,488  INFO       [bikewale] Ola S1X page 2
2026-08-01 05:25:40,979  INFO       [bikewale] Ola S1X page 3
2026-08-01 05:25:43,296  INFO       [bikewale] Ola S1X page 4
2026-08-01 05:25:43,953  INFO       No cards on page 4 — end of results
2026-08-01 05:25:43,956  INFO       collected 84 rows
2026-08-01 05:25:43,956  INFO       [bikedekho] Ola S1X page 1
2026-08-01 05:25:46,489  INFO       [bikedekho] Ola S1X page 2
2026-08-01 05:25:49,030  INFO       [bikedekho] Ola S1X page 3
2026-08-01 05:25:51,530  INFO       [bikedekho] Ola S1X page 4
2026-08-01 05:25:54,068  INFO       [bikedekho] Ola S1X page 5
2026-08-01 05:25:56,866  INFO       [bikedekho] Ola S1X page 6
2026-08-01 05:25:59,733  INFO       [bikedekho] Ola S1X page 7
2026-08-01 05:26:02,532  INFO       [bikedekho] Ola S1X page 8
2026-08-01 05:26:05,264  INFO       [bikedekho] Ola S1X page 9
2026-08-01 05:26:08,030  INFO       [bikedekho] Ola S1X page 10
2026-08-01 05:26:10,795  INFO       [bikedekho] Ola S1X page 11
2026-08-01 05:26:13,588  INFO       [bikedekho] Ola S1X page 12
2026-08-01 05:26:17,238  INFO       [bikedekho] Ola S1X page 13
2026-08-01 05:26:19,975  INFO       [bikedekho] Ola S1X page 14
2026-08-01 05:26:22,701  INFO       [bikedekho] Ola S1X page 15
2026-08-01 05:26:25,538  INFO       [bikedekho] Ola S1X page 16
2026-08-01 05:26:28,367  INFO       [bikedekho] Ola S1X page 17
2026-08-01 05:26:31,097  INFO       [bikedekho] Ola S1X page 18
2026-08-01 05:26:33,817  INFO       collected 525 rows
2026-08-01 05:26:33,817  INFO     ── Bajaj Chetak ──────────────────────────
2026-08-01 05:26:33,817  INFO       [91wheels] Bajaj Chetak page 1
2026-08-01 05:26:36,587  INFO       [91wheels] Bajaj Chetak page 2
2026-08-01 05:26:39,333  INFO       [91wheels] Bajaj Chetak page 3
2026-08-01 05:26:41,515  INFO       [91wheels] Bajaj Chetak page 4
2026-08-01 05:26:43,782  INFO       [91wheels] Bajaj Chetak page 5
2026-08-01 05:26:45,987  INFO       [91wheels] Bajaj Chetak page 6
2026-08-01 05:26:48,793  INFO       [91wheels] Bajaj Chetak page 7
2026-08-01 05:26:50,836  INFO       [91wheels] Bajaj Chetak page 8
2026-08-01 05:26:53,601  INFO       [91wheels] Bajaj Chetak page 9
2026-08-01 05:26:55,901  INFO       [91wheels] Bajaj Chetak page 10
2026-08-01 05:26:58,357  INFO       [91wheels] Bajaj Chetak page 11
2026-08-01 05:27:01,126  INFO       [91wheels] Bajaj Chetak page 12
2026-08-01 05:27:03,143  INFO       [91wheels] Bajaj Chetak page 13
2026-08-01 05:27:05,913  INFO       [91wheels] Bajaj Chetak page 14
2026-08-01 05:27:08,272  INFO       [91wheels] Bajaj Chetak page 15
2026-08-01 05:27:10,503  INFO       [91wheels] Bajaj Chetak page 16
2026-08-01 05:27:13,242  INFO       [91wheels] Bajaj Chetak page 17
2026-08-01 05:27:15,991  INFO       [91wheels] Bajaj Chetak page 18
2026-08-01 05:27:18,747  INFO       [91wheels] Bajaj Chetak page 19
2026-08-01 05:27:20,779  INFO       [91wheels] Bajaj Chetak page 20
2026-08-01 05:27:23,649  INFO       [91wheels] Bajaj Chetak page 21
2026-08-01 05:27:26,511  INFO       [91wheels] Bajaj Chetak page 22
2026-08-01 05:27:28,757  INFO       [91wheels] Bajaj Chetak page 23
2026-08-01 05:27:31,036  INFO       [91wheels] Bajaj Chetak page 24
2026-08-01 05:27:33,511  INFO       [91wheels] Bajaj Chetak page 25
2026-08-01 05:27:36,307  INFO       [91wheels] Bajaj Chetak page 26
2026-08-01 05:27:39,263  INFO       [91wheels] Bajaj Chetak page 27
2026-08-01 05:27:42,155  INFO       [91wheels] Bajaj Chetak page 28
2026-08-01 05:27:44,444  INFO       [91wheels] Bajaj Chetak page 29
2026-08-01 05:27:47,233  INFO       [91wheels] Bajaj Chetak page 30
2026-08-01 05:27:49,448  INFO       [91wheels] Bajaj Chetak page 31
2026-08-01 05:27:51,733  INFO       [91wheels] Bajaj Chetak page 32
2026-08-01 05:27:53,815  INFO       [91wheels] Bajaj Chetak page 33
2026-08-01 05:27:56,539  INFO       [91wheels] Bajaj Chetak page 34
2026-08-01 05:27:58,643  INFO       [91wheels] Bajaj Chetak page 35
2026-08-01 05:28:01,704  INFO       [91wheels] Bajaj Chetak page 36
2026-08-01 05:28:03,989  INFO       [91wheels] Bajaj Chetak page 37
2026-08-01 05:28:05,243  INFO       No cards on page 37 — end of results
2026-08-01 05:28:05,246  INFO       collected 185 rows
2026-08-01 05:28:05,246  INFO       [bikewale] Bajaj Chetak page 1
2026-08-01 05:28:07,618  INFO       [bikewale] Bajaj Chetak page 2
2026-08-01 05:28:10,375  INFO       [bikewale] Bajaj Chetak page 3
2026-08-01 05:28:13,024  INFO       [bikewale] Bajaj Chetak page 4
2026-08-01 05:28:15,373  INFO       [bikewale] Bajaj Chetak page 5
2026-08-01 05:28:18,686  INFO       [bikewale] Bajaj Chetak page 6
2026-08-01 05:28:21,108  INFO       [bikewale] Bajaj Chetak page 7
2026-08-01 05:28:23,480  INFO       [bikewale] Bajaj Chetak page 8
2026-08-01 05:28:26,320  INFO       [bikewale] Bajaj Chetak page 9
2026-08-01 05:28:28,682  INFO       [bikewale] Bajaj Chetak page 10
2026-08-01 05:28:31,118  INFO       [bikewale] Bajaj Chetak page 11
2026-08-01 05:28:33,556  INFO       [bikewale] Bajaj Chetak page 12
2026-08-01 05:28:35,967  INFO       [bikewale] Bajaj Chetak page 13
2026-08-01 05:28:36,805  INFO       No cards on page 13 — end of results
2026-08-01 05:28:36,809  INFO       collected 432 rows
2026-08-01 05:28:36,809  INFO       [bikedekho] Bajaj Chetak page 1
2026-08-01 05:28:39,140  INFO       [bikedekho] Bajaj Chetak page 2
2026-08-01 05:28:41,713  INFO       [bikedekho] Bajaj Chetak page 3
2026-08-01 05:28:44,238  INFO       [bikedekho] Bajaj Chetak page 4
2026-08-01 05:28:46,773  INFO       [bikedekho] Bajaj Chetak page 5
2026-08-01 05:28:49,738  INFO       [bikedekho] Bajaj Chetak page 6
2026-08-01 05:28:52,743  INFO       [bikedekho] Bajaj Chetak page 7
2026-08-01 05:28:56,499  INFO       [bikedekho] Bajaj Chetak page 8
2026-08-01 05:28:59,521  INFO       [bikedekho] Bajaj Chetak page 9
2026-08-01 05:29:02,289  INFO       [bikedekho] Bajaj Chetak page 10
2026-08-01 05:29:05,052  INFO       [bikedekho] Bajaj Chetak page 11
2026-08-01 05:29:07,825  INFO       [bikedekho] Bajaj Chetak page 12
2026-08-01 05:29:10,592  INFO       [bikedekho] Bajaj Chetak page 13
2026-08-01 05:29:13,381  INFO       [bikedekho] Bajaj Chetak page 14
2026-08-01 05:29:16,730  INFO       [bikedekho] Bajaj Chetak page 15
2026-08-01 05:29:19,521  INFO       [bikedekho] Bajaj Chetak page 16
2026-08-01 05:29:22,292  INFO       [bikedekho] Bajaj Chetak page 17
2026-08-01 05:29:25,181  INFO       [bikedekho] Bajaj Chetak page 18
2026-08-01 05:29:27,996  INFO       collected 534 rows
2026-08-01 05:29:27,996  INFO     ── Hero Vida V2 ──────────────────────────
2026-08-01 05:29:27,996  INFO       [91wheels] Hero Vida V2 page 1
2026-08-01 05:29:30,908  INFO       [91wheels] Hero Vida V2 page 2
2026-08-01 05:29:33,574  INFO       [91wheels] Hero Vida V2 page 3
2026-08-01 05:29:36,334  INFO       [91wheels] Hero Vida V2 page 4
2026-08-01 05:29:39,035  INFO       [91wheels] Hero Vida V2 page 5
2026-08-01 05:29:41,228  INFO       [91wheels] Hero Vida V2 page 6
2026-08-01 05:29:43,221  INFO       [91wheels] Hero Vida V2 page 7
2026-08-01 05:29:45,933  INFO       [91wheels] Hero Vida V2 page 8
2026-08-01 05:29:47,942  INFO       [91wheels] Hero Vida V2 page 9
2026-08-01 05:29:48,397  INFO       No cards on page 9 — end of results
2026-08-01 05:29:48,399  INFO       collected 41 rows
2026-08-01 05:29:48,399  INFO       [bikewale] Hero Vida V2 page 1
2026-08-01 05:29:50,856  INFO       [bikewale] Hero Vida V2 page 2
2026-08-01 05:29:53,531  INFO       [bikewale] Hero Vida V2 page 3
2026-08-01 05:29:54,188  INFO       No cards on page 3 — end of results
2026-08-01 05:29:54,191  INFO       collected 56 rows
2026-08-01 05:29:54,191  INFO       [bikedekho] Hero Vida V2 page 1
2026-08-01 05:29:56,743  INFO       [bikedekho] Hero Vida V2 page 2
2026-08-01 05:29:59,252  INFO       [bikedekho] Hero Vida V2 page 3
2026-08-01 05:30:01,759  INFO       [bikedekho] Hero Vida V2 page 4
2026-08-01 05:30:04,543  INFO       [bikedekho] Hero Vida V2 page 5
2026-08-01 05:30:07,376  INFO       [bikedekho] Hero Vida V2 page 6
2026-08-01 05:30:10,175  INFO       [bikedekho] Hero Vida V2 page 7
2026-08-01 05:30:12,976  INFO       [bikedekho] Hero Vida V2 page 8
2026-08-01 05:30:15,818  INFO       [bikedekho] Hero Vida V2 page 9
2026-08-01 05:30:18,576  INFO       [bikedekho] Hero Vida V2 page 10
2026-08-01 05:30:21,366  INFO       [bikedekho] Hero Vida V2 page 11
2026-08-01 05:30:24,125  INFO       [bikedekho] Hero Vida V2 page 12
2026-08-01 05:30:28,017  INFO       [bikedekho] Hero Vida V2 page 13
2026-08-01 05:30:30,783  INFO       [bikedekho] Hero Vida V2 page 14
2026-08-01 05:30:33,767  INFO       [bikedekho] Hero Vida V2 page 15
2026-08-01 05:30:36,503  INFO       [bikedekho] Hero Vida V2 page 16
2026-08-01 05:30:39,251  INFO       [bikedekho] Hero Vida V2 page 17
2026-08-01 05:30:42,064  INFO       [bikedekho] Hero Vida V2 page 18
2026-08-01 05:30:44,821  INFO       collected 535 rows
2026-08-01 05:30:44,963  INFO     Within-batch dedup: 4508 → 1845 rows
2026-08-01 05:30:44,979  INFO     Master: 2321 rows | Batch: 1845 | Net-new: 159 | Duplicates skipped: 1686
2026-08-01 05:30:45,022  INFO     Master saved → /home/runner/work/ev-scooter-sentiment-analysis/ev-scooter-sentiment-analysis/data/master_reviews.csv (2480 total rows)
2026-08-01 05:30:45,024  INFO     Batch saved → /home/runner/work/ev-scooter-sentiment-analysis/ev-scooter-sentiment-analysis/data/batches/20260801_batch.csv
2026-08-01 05:30:45,024  INFO     ============================================================
2026-08-01 05:30:45,024  INFO     Done. 159 net-new reviews added to master.
2026-08-01 05:30:45,024  INFO     ============================================================
2026-08-01 05:30:45,024  INFO     COMMIT_MSG: data: pipeline run 2026-08-01 (+159 reviews, 1686 skipped)
