2026-08-15 02:43:44,608  INFO     ============================================================
2026-08-15 02:43:44,609  INFO     EV Scraper — run date: 15-08-2026
2026-08-15 02:43:44,609  INFO     ============================================================
2026-08-15 02:43:44,609  INFO     ── TVS iQube ──────────────────────────
2026-08-15 02:43:44,609  INFO       [91wheels] TVS iQube page 1
2026-08-15 02:43:47,384  INFO       [91wheels] TVS iQube page 2
2026-08-15 02:43:49,434  INFO       [91wheels] TVS iQube page 3
2026-08-15 02:43:51,357  INFO       [91wheels] TVS iQube page 4
2026-08-15 02:43:53,300  INFO       [91wheels] TVS iQube page 5
2026-08-15 02:43:55,444  INFO       [91wheels] TVS iQube page 6
2026-08-15 02:43:57,758  INFO       [91wheels] TVS iQube page 7
2026-08-15 02:44:00,144  INFO       [91wheels] TVS iQube page 8
2026-08-15 02:44:02,326  INFO       [91wheels] TVS iQube page 9
2026-08-15 02:44:04,773  INFO       [91wheels] TVS iQube page 10
2026-08-15 02:44:06,776  INFO       [91wheels] TVS iQube page 11
2026-08-15 02:44:08,828  INFO       [91wheels] TVS iQube page 12
2026-08-15 02:44:11,461  INFO       [91wheels] TVS iQube page 13
2026-08-15 02:44:13,620  INFO       [91wheels] TVS iQube page 14
2026-08-15 02:44:15,518  INFO       [91wheels] TVS iQube page 15
2026-08-15 02:44:17,570  INFO       [91wheels] TVS iQube page 16
2026-08-15 02:44:19,910  INFO       [91wheels] TVS iQube page 17
2026-08-15 02:44:22,650  INFO       [91wheels] TVS iQube page 18
2026-08-15 02:44:24,596  INFO       [91wheels] TVS iQube page 19
2026-08-15 02:44:27,223  INFO       [91wheels] TVS iQube page 20
2026-08-15 02:44:29,289  INFO       [91wheels] TVS iQube page 21
2026-08-15 02:44:31,369  INFO       [91wheels] TVS iQube page 22
2026-08-15 02:44:33,324  INFO       [91wheels] TVS iQube page 23
2026-08-15 02:44:35,303  INFO       [91wheels] TVS iQube page 24
2026-08-15 02:44:37,188  INFO       [91wheels] TVS iQube page 25
2026-08-15 02:44:39,188  INFO       [91wheels] TVS iQube page 26
2026-08-15 02:44:41,799  INFO       [91wheels] TVS iQube page 27
2026-08-15 02:44:43,734  INFO       [91wheels] TVS iQube page 28
2026-08-15 02:44:45,835  INFO       [91wheels] TVS iQube page 29
2026-08-15 02:44:48,016  INFO       [91wheels] TVS iQube page 30
2026-08-15 02:44:49,977  INFO       [91wheels] TVS iQube page 31
2026-08-15 02:44:52,033  INFO       [91wheels] TVS iQube page 32
2026-08-15 02:44:53,917  INFO       [91wheels] TVS iQube page 33
2026-08-15 02:44:55,797  INFO       [91wheels] TVS iQube page 34
2026-08-15 02:44:58,405  INFO       [91wheels] TVS iQube page 35
2026-08-15 02:45:00,946  INFO       [91wheels] TVS iQube page 36
2026-08-15 02:45:03,030  INFO       [91wheels] TVS iQube page 37
2026-08-15 02:45:04,912  INFO       [91wheels] TVS iQube page 38
2026-08-15 02:45:06,795  INFO       [91wheels] TVS iQube page 39
2026-08-15 02:45:08,924  INFO       [91wheels] TVS iQube page 40
2026-08-15 02:45:10,868  INFO       collected 205 rows
2026-08-15 02:45:10,868  INFO       [bikewale] TVS iQube page 1
2026-08-15 02:45:13,408  INFO       [bikewale] TVS iQube page 2
2026-08-15 02:45:15,548  INFO       [bikewale] TVS iQube page 3
2026-08-15 02:45:17,740  INFO       [bikewale] TVS iQube page 4
2026-08-15 02:45:20,344  INFO       [bikewale] TVS iQube page 5
2026-08-15 02:45:22,632  INFO       [bikewale] TVS iQube page 6
2026-08-15 02:45:25,110  INFO       [bikewale] TVS iQube page 7
2026-08-15 02:45:27,533  INFO       [bikewale] TVS iQube page 8
2026-08-15 02:45:30,006  INFO       [bikewale] TVS iQube page 9
2026-08-15 02:45:32,213  INFO       [bikewale] TVS iQube page 10
2026-08-15 02:45:34,445  INFO       [bikewale] TVS iQube page 11
2026-08-15 02:45:36,601  INFO       [bikewale] TVS iQube page 12
2026-08-15 02:45:38,742  INFO       [bikewale] TVS iQube page 13
2026-08-15 02:45:41,065  INFO       [bikewale] TVS iQube page 14
2026-08-15 02:45:43,943  INFO       [bikewale] TVS iQube page 15
2026-08-15 02:45:46,460  INFO       [bikewale] TVS iQube page 16
2026-08-15 02:45:46,978  INFO       No cards on page 16 — end of results
2026-08-15 02:45:46,983  INFO       collected 536 rows
2026-08-15 02:45:46,983  INFO       [bikedekho] TVS iQube page 1
2026-08-15 02:45:49,467  INFO       [bikedekho] TVS iQube page 2
2026-08-15 02:45:52,395  INFO       [bikedekho] TVS iQube page 3
2026-08-15 02:45:55,048  INFO       [bikedekho] TVS iQube page 4
2026-08-15 02:45:57,519  INFO       [bikedekho] TVS iQube page 5
2026-08-15 02:46:00,026  INFO       [bikedekho] TVS iQube page 6
2026-08-15 02:46:02,510  INFO       [bikedekho] TVS iQube page 7
2026-08-15 02:46:05,013  INFO       [bikedekho] TVS iQube page 8
2026-08-15 02:46:07,511  INFO       [bikedekho] TVS iQube page 9
2026-08-15 02:46:10,722  INFO       [bikedekho] TVS iQube page 10
2026-08-15 02:46:13,372  INFO       [bikedekho] TVS iQube page 11
2026-08-15 02:46:15,872  INFO       [bikedekho] TVS iQube page 12
2026-08-15 02:46:18,416  INFO       [bikedekho] TVS iQube page 13
2026-08-15 02:46:20,894  INFO       [bikedekho] TVS iQube page 14
2026-08-15 02:46:23,380  INFO       [bikedekho] TVS iQube page 15
2026-08-15 02:46:25,870  INFO       [bikedekho] TVS iQube page 16
2026-08-15 02:46:29,068  INFO       [bikedekho] TVS iQube page 17
2026-08-15 02:46:35,700  INFO       [bikedekho] TVS iQube page 18
2026-08-15 02:46:38,398  INFO       collected 514 rows
2026-08-15 02:46:38,399  INFO     ── Ather Rizta ──────────────────────────
2026-08-15 02:46:38,399  INFO       [91wheels] Ather Rizta page 1
2026-08-15 02:46:40,479  INFO       [91wheels] Ather Rizta page 2
2026-08-15 02:46:42,357  INFO       [91wheels] Ather Rizta page 3
2026-08-15 02:46:44,345  INFO       [91wheels] Ather Rizta page 4
2026-08-15 02:46:46,976  INFO       [91wheels] Ather Rizta page 5
2026-08-15 02:46:48,902  INFO       [91wheels] Ather Rizta page 6
2026-08-15 02:46:50,868  INFO       [91wheels] Ather Rizta page 7
2026-08-15 02:46:52,777  INFO       [91wheels] Ather Rizta page 8
2026-08-15 02:46:54,650  INFO       [91wheels] Ather Rizta page 9
2026-08-15 02:46:56,528  INFO       [91wheels] Ather Rizta page 10
2026-08-15 02:46:58,577  INFO       [91wheels] Ather Rizta page 11
2026-08-15 02:47:01,191  INFO       [91wheels] Ather Rizta page 12
2026-08-15 02:47:03,805  INFO       [91wheels] Ather Rizta page 13
2026-08-15 02:47:06,423  INFO       [91wheels] Ather Rizta page 14
2026-08-15 02:47:08,294  INFO       [91wheels] Ather Rizta page 15
2026-08-15 02:47:10,902  INFO       [91wheels] Ather Rizta page 16
2026-08-15 02:47:12,829  INFO       [91wheels] Ather Rizta page 17
2026-08-15 02:47:15,078  INFO       [91wheels] Ather Rizta page 18
2026-08-15 02:47:17,016  INFO       [91wheels] Ather Rizta page 19
2026-08-15 02:47:19,428  INFO       [91wheels] Ather Rizta page 20
2026-08-15 02:47:21,338  INFO       [91wheels] Ather Rizta page 21
2026-08-15 02:47:24,015  INFO       [91wheels] Ather Rizta page 22
2026-08-15 02:47:26,244  INFO       [91wheels] Ather Rizta page 23
2026-08-15 02:47:28,156  INFO       [91wheels] Ather Rizta page 24
2026-08-15 02:47:30,056  INFO       [91wheels] Ather Rizta page 25
2026-08-15 02:47:32,669  INFO       [91wheels] Ather Rizta page 26
2026-08-15 02:47:34,641  INFO       [91wheels] Ather Rizta page 27
2026-08-15 02:47:36,620  INFO       [91wheels] Ather Rizta page 28
2026-08-15 02:47:38,725  INFO       [91wheels] Ather Rizta page 29
2026-08-15 02:47:39,972  INFO       No cards on page 29 — end of results
2026-08-15 02:47:39,976  INFO       collected 145 rows
2026-08-15 02:47:39,976  INFO       [bikewale] Ather Rizta page 1
2026-08-15 02:47:42,344  INFO       [bikewale] Ather Rizta page 2
2026-08-15 02:47:45,305  INFO       [bikewale] Ather Rizta page 3
2026-08-15 02:47:47,713  INFO       [bikewale] Ather Rizta page 4
2026-08-15 02:47:50,009  INFO       [bikewale] Ather Rizta page 5
2026-08-15 02:47:50,621  INFO       No cards on page 5 — end of results
2026-08-15 02:47:50,624  INFO       collected 136 rows
2026-08-15 02:47:50,624  INFO       [bikedekho] Ather Rizta page 1
2026-08-15 02:47:52,905  INFO       [bikedekho] Ather Rizta page 2
2026-08-15 02:47:55,398  INFO       [bikedekho] Ather Rizta page 3
2026-08-15 02:47:57,884  INFO       [bikedekho] Ather Rizta page 4
2026-08-15 02:48:01,358  INFO       [bikedekho] Ather Rizta page 5
2026-08-15 02:48:04,064  INFO       [bikedekho] Ather Rizta page 6
2026-08-15 02:48:06,855  INFO       [bikedekho] Ather Rizta page 7
2026-08-15 02:48:10,434  INFO       [bikedekho] Ather Rizta page 8
2026-08-15 02:48:13,261  INFO       [bikedekho] Ather Rizta page 9
2026-08-15 02:48:15,948  INFO       [bikedekho] Ather Rizta page 10
2026-08-15 02:48:18,651  INFO       [bikedekho] Ather Rizta page 11
2026-08-15 02:48:21,326  INFO       [bikedekho] Ather Rizta page 12
2026-08-15 02:48:23,999  INFO       [bikedekho] Ather Rizta page 13
2026-08-15 02:48:26,694  INFO       [bikedekho] Ather Rizta page 14
2026-08-15 02:48:29,386  INFO       [bikedekho] Ather Rizta page 15
2026-08-15 02:48:32,144  INFO       [bikedekho] Ather Rizta page 16
2026-08-15 02:48:34,881  INFO       [bikedekho] Ather Rizta page 17
2026-08-15 02:48:37,652  INFO       [bikedekho] Ather Rizta page 18
2026-08-15 02:48:40,349  INFO       collected 533 rows
2026-08-15 02:48:40,349  INFO     ── Ola S1X ──────────────────────────
2026-08-15 02:48:40,349  INFO       [91wheels] Ola S1X page 1
2026-08-15 02:48:42,323  INFO       [91wheels] Ola S1X page 2
2026-08-15 02:48:44,211  INFO       [91wheels] Ola S1X page 3
2026-08-15 02:48:46,743  INFO       [91wheels] Ola S1X page 4
2026-08-15 02:48:49,124  INFO       [91wheels] Ola S1X page 5
2026-08-15 02:48:51,708  INFO       [91wheels] Ola S1X page 6
2026-08-15 02:48:53,684  INFO       [91wheels] Ola S1X page 7
2026-08-15 02:48:56,275  INFO       [91wheels] Ola S1X page 8
2026-08-15 02:48:58,875  INFO       [91wheels] Ola S1X page 9
2026-08-15 02:49:01,065  INFO       [91wheels] Ola S1X page 10
2026-08-15 02:49:02,958  INFO       [91wheels] Ola S1X page 11
2026-08-15 02:49:04,825  INFO       [91wheels] Ola S1X page 12
2026-08-15 02:49:06,802  INFO       [91wheels] Ola S1X page 13
2026-08-15 02:49:08,758  INFO       [91wheels] Ola S1X page 14
2026-08-15 02:49:09,185  INFO       No cards on page 14 — end of results
2026-08-15 02:49:09,187  INFO       collected 69 rows
2026-08-15 02:49:09,188  INFO       [bikewale] Ola S1X page 1
2026-08-15 02:49:11,418  INFO       [bikewale] Ola S1X page 2
2026-08-15 02:49:14,507  INFO       [bikewale] Ola S1X page 3
2026-08-15 02:49:16,593  INFO       [bikewale] Ola S1X page 4
2026-08-15 02:49:17,426  INFO       No cards on page 4 — end of results
2026-08-15 02:49:17,429  INFO       collected 84 rows
2026-08-15 02:49:17,429  INFO       [bikedekho] Ola S1X page 1
2026-08-15 02:49:19,714  INFO       [bikedekho] Ola S1X page 2
2026-08-15 02:49:22,513  INFO       [bikedekho] Ola S1X page 3
2026-08-15 02:49:25,689  INFO       [bikedekho] Ola S1X page 4
2026-08-15 02:49:28,105  INFO       [bikedekho] Ola S1X page 5
2026-08-15 02:49:30,805  INFO       [bikedekho] Ola S1X page 6
2026-08-15 02:49:33,522  INFO       [bikedekho] Ola S1X page 7
2026-08-15 02:49:36,169  INFO       [bikedekho] Ola S1X page 8
2026-08-15 02:49:38,781  INFO       [bikedekho] Ola S1X page 9
2026-08-15 02:49:42,330  INFO       [bikedekho] Ola S1X page 10
2026-08-15 02:49:44,976  INFO       [bikedekho] Ola S1X page 11
2026-08-15 02:49:47,627  INFO       [bikedekho] Ola S1X page 12
2026-08-15 02:49:50,237  INFO       [bikedekho] Ola S1X page 13
2026-08-15 02:49:52,886  INFO       [bikedekho] Ola S1X page 14
2026-08-15 02:49:55,555  INFO       [bikedekho] Ola S1X page 15
2026-08-15 02:49:58,184  INFO       [bikedekho] Ola S1X page 16
2026-08-15 02:50:00,855  INFO       [bikedekho] Ola S1X page 17
2026-08-15 02:50:04,453  INFO       [bikedekho] Ola S1X page 18
2026-08-15 02:50:07,286  INFO       collected 525 rows
2026-08-15 02:50:07,286  INFO     ── Bajaj Chetak ──────────────────────────
2026-08-15 02:50:07,286  INFO       [91wheels] Bajaj Chetak page 1
2026-08-15 02:50:09,970  INFO       [91wheels] Bajaj Chetak page 2
2026-08-15 02:50:11,871  INFO       [91wheels] Bajaj Chetak page 3
2026-08-15 02:50:13,970  INFO       [91wheels] Bajaj Chetak page 4
2026-08-15 02:50:16,566  INFO       [91wheels] Bajaj Chetak page 5
2026-08-15 02:50:19,280  INFO       [91wheels] Bajaj Chetak page 6
2026-08-15 02:50:21,169  INFO       [91wheels] Bajaj Chetak page 7
2026-08-15 02:50:23,116  INFO       [91wheels] Bajaj Chetak page 8
2026-08-15 02:50:25,792  INFO       [91wheels] Bajaj Chetak page 9
2026-08-15 02:50:27,672  INFO       [91wheels] Bajaj Chetak page 10
2026-08-15 02:50:30,406  INFO       [91wheels] Bajaj Chetak page 11
2026-08-15 02:50:32,278  INFO       [91wheels] Bajaj Chetak page 12
2026-08-15 02:50:34,879  INFO       [91wheels] Bajaj Chetak page 13
2026-08-15 02:50:37,196  INFO       [91wheels] Bajaj Chetak page 14
2026-08-15 02:50:39,218  INFO       [91wheels] Bajaj Chetak page 15
2026-08-15 02:50:41,465  INFO       [91wheels] Bajaj Chetak page 16
2026-08-15 02:50:44,122  INFO       [91wheels] Bajaj Chetak page 17
2026-08-15 02:50:46,220  INFO       [91wheels] Bajaj Chetak page 18
2026-08-15 02:50:48,123  INFO       [91wheels] Bajaj Chetak page 19
2026-08-15 02:50:50,736  INFO       [91wheels] Bajaj Chetak page 20
2026-08-15 02:50:53,463  INFO       [91wheels] Bajaj Chetak page 21
2026-08-15 02:50:55,347  INFO       [91wheels] Bajaj Chetak page 22
2026-08-15 02:50:57,598  INFO       [91wheels] Bajaj Chetak page 23
2026-08-15 02:51:00,230  INFO       [91wheels] Bajaj Chetak page 24
2026-08-15 02:51:02,298  INFO       [91wheels] Bajaj Chetak page 25
2026-08-15 02:51:04,544  INFO       [91wheels] Bajaj Chetak page 26
2026-08-15 02:51:06,418  INFO       [91wheels] Bajaj Chetak page 27
2026-08-15 02:51:08,468  INFO       [91wheels] Bajaj Chetak page 28
2026-08-15 02:51:11,140  INFO       [91wheels] Bajaj Chetak page 29
2026-08-15 02:51:13,114  INFO       [91wheels] Bajaj Chetak page 30
2026-08-15 02:51:15,742  INFO       [91wheels] Bajaj Chetak page 31
2026-08-15 02:51:18,346  INFO       [91wheels] Bajaj Chetak page 32
2026-08-15 02:51:20,950  INFO       [91wheels] Bajaj Chetak page 33
2026-08-15 02:51:23,087  INFO       [91wheels] Bajaj Chetak page 34
2026-08-15 02:51:25,742  INFO       [91wheels] Bajaj Chetak page 35
2026-08-15 02:51:27,791  INFO       [91wheels] Bajaj Chetak page 36
2026-08-15 02:51:30,428  INFO       [91wheels] Bajaj Chetak page 37
2026-08-15 02:51:33,119  INFO       [91wheels] Bajaj Chetak page 38
2026-08-15 02:51:33,488  INFO       No cards on page 38 — end of results
2026-08-15 02:51:33,491  INFO       collected 189 rows
2026-08-15 02:51:33,491  INFO       [bikewale] Bajaj Chetak page 1
2026-08-15 02:51:35,742  INFO       [bikewale] Bajaj Chetak page 2
2026-08-15 02:51:37,973  INFO       [bikewale] Bajaj Chetak page 3
2026-08-15 02:51:40,119  INFO       [bikewale] Bajaj Chetak page 4
2026-08-15 02:51:42,454  INFO       [bikewale] Bajaj Chetak page 5
2026-08-15 02:51:44,697  INFO       [bikewale] Bajaj Chetak page 6
2026-08-15 02:51:47,018  INFO       [bikewale] Bajaj Chetak page 7
2026-08-15 02:51:49,222  INFO       [bikewale] Bajaj Chetak page 8
2026-08-15 02:51:51,437  INFO       [bikewale] Bajaj Chetak page 9
2026-08-15 02:51:53,756  INFO       [bikewale] Bajaj Chetak page 10
2026-08-15 02:51:56,048  INFO       [bikewale] Bajaj Chetak page 11
2026-08-15 02:51:58,343  INFO       [bikewale] Bajaj Chetak page 12
2026-08-15 02:52:00,561  INFO       [bikewale] Bajaj Chetak page 13
2026-08-15 02:52:02,597  INFO       [bikewale] Bajaj Chetak page 14
2026-08-15 02:52:03,209  INFO       No cards on page 14 — end of results
2026-08-15 02:52:03,214  INFO       collected 436 rows
2026-08-15 02:52:03,214  INFO       [bikedekho] Bajaj Chetak page 1
2026-08-15 02:52:05,483  INFO       [bikedekho] Bajaj Chetak page 2
2026-08-15 02:52:07,955  INFO       [bikedekho] Bajaj Chetak page 3
2026-08-15 02:52:10,420  INFO       [bikedekho] Bajaj Chetak page 4
2026-08-15 02:52:13,621  INFO       [bikedekho] Bajaj Chetak page 5
2026-08-15 02:52:16,103  INFO       [bikedekho] Bajaj Chetak page 6
2026-08-15 02:52:18,787  INFO       [bikedekho] Bajaj Chetak page 7
2026-08-15 02:52:21,534  INFO       [bikedekho] Bajaj Chetak page 8
2026-08-15 02:52:24,216  INFO       [bikedekho] Bajaj Chetak page 9
2026-08-15 02:52:27,818  INFO       [bikedekho] Bajaj Chetak page 10
2026-08-15 02:52:30,495  INFO       [bikedekho] Bajaj Chetak page 11
2026-08-15 02:52:33,133  INFO       [bikedekho] Bajaj Chetak page 12
2026-08-15 02:52:35,965  INFO       [bikedekho] Bajaj Chetak page 13
2026-08-15 02:52:38,650  INFO       [bikedekho] Bajaj Chetak page 14
2026-08-15 02:52:42,062  INFO       [bikedekho] Bajaj Chetak page 15
2026-08-15 02:52:44,692  INFO       [bikedekho] Bajaj Chetak page 16
2026-08-15 02:52:47,380  INFO       [bikedekho] Bajaj Chetak page 17
2026-08-15 02:52:50,091  INFO       [bikedekho] Bajaj Chetak page 18
2026-08-15 02:52:52,764  INFO       collected 534 rows
2026-08-15 02:52:52,764  INFO     ── Hero Vida V2 ──────────────────────────
2026-08-15 02:52:52,764  INFO       [91wheels] Hero Vida V2 page 1
2026-08-15 02:52:54,663  INFO       [91wheels] Hero Vida V2 page 2
2026-08-15 02:52:56,802  INFO       [91wheels] Hero Vida V2 page 3
2026-08-15 02:52:58,953  INFO       [91wheels] Hero Vida V2 page 4
2026-08-15 02:53:01,448  INFO       [91wheels] Hero Vida V2 page 5
2026-08-15 02:53:04,132  INFO       [91wheels] Hero Vida V2 page 6
2026-08-15 02:53:06,676  INFO       [91wheels] Hero Vida V2 page 7
2026-08-15 02:53:08,784  INFO       [91wheels] Hero Vida V2 page 8
2026-08-15 02:53:10,994  INFO       [91wheels] Hero Vida V2 page 9
2026-08-15 02:53:11,357  INFO       No cards on page 9 — end of results
2026-08-15 02:53:11,360  INFO       collected 45 rows
2026-08-15 02:53:11,360  INFO       [bikewale] Hero Vida V2 page 1
2026-08-15 02:53:13,695  INFO       [bikewale] Hero Vida V2 page 2
2026-08-15 02:53:15,859  INFO       [bikewale] Hero Vida V2 page 3
2026-08-15 02:53:16,439  INFO       No cards on page 3 — end of results
2026-08-15 02:53:16,442  INFO       collected 60 rows
2026-08-15 02:53:16,442  INFO       [bikedekho] Hero Vida V2 page 1
2026-08-15 02:53:18,895  INFO       [bikedekho] Hero Vida V2 page 2
2026-08-15 02:53:21,334  INFO       [bikedekho] Hero Vida V2 page 3
2026-08-15 02:53:23,784  INFO       [bikedekho] Hero Vida V2 page 4
2026-08-15 02:53:26,420  INFO       [bikedekho] Hero Vida V2 page 5
2026-08-15 02:53:29,093  INFO       [bikedekho] Hero Vida V2 page 6
2026-08-15 02:53:31,795  INFO       [bikedekho] Hero Vida V2 page 7
2026-08-15 02:53:34,513  INFO       [bikedekho] Hero Vida V2 page 8
2026-08-15 02:53:38,049  INFO       [bikedekho] Hero Vida V2 page 9
2026-08-15 02:53:40,701  INFO       [bikedekho] Hero Vida V2 page 10
2026-08-15 02:53:43,303  INFO       [bikedekho] Hero Vida V2 page 11
2026-08-15 02:53:45,933  INFO       [bikedekho] Hero Vida V2 page 12
2026-08-15 02:53:48,601  INFO       [bikedekho] Hero Vida V2 page 13
2026-08-15 02:53:51,367  INFO       [bikedekho] Hero Vida V2 page 14
2026-08-15 02:53:54,045  INFO       [bikedekho] Hero Vida V2 page 15
2026-08-15 02:53:56,715  INFO       [bikedekho] Hero Vida V2 page 16
2026-08-15 02:53:59,514  INFO       [bikedekho] Hero Vida V2 page 17
2026-08-15 02:54:02,244  INFO       [bikedekho] Hero Vida V2 page 18
2026-08-15 02:54:04,857  INFO       collected 535 rows
2026-08-15 02:54:05,002  INFO     Within-batch dedup: 4546 → 1865 rows
2026-08-15 02:54:05,018  INFO     Master: 2480 rows | Batch: 1865 | Net-new: 42 | Duplicates skipped: 1823
2026-08-15 02:54:05,056  INFO     Master saved → /home/runner/work/ev-scooter-sentiment-analysis/ev-scooter-sentiment-analysis/data/master_reviews.csv (2522 total rows)
2026-08-15 02:54:05,057  INFO     Batch saved → /home/runner/work/ev-scooter-sentiment-analysis/ev-scooter-sentiment-analysis/data/batches/20260815_batch.csv
2026-08-15 02:54:05,057  INFO     ============================================================
2026-08-15 02:54:05,057  INFO     Done. 42 net-new reviews added to master.
2026-08-15 02:54:05,057  INFO     ============================================================
2026-08-15 02:54:05,057  INFO     COMMIT_MSG: data: pipeline run 2026-08-15 (+42 reviews, 1823 skipped)
